Component: ARM Compiler 5.06 update 7 (build 960) Tool: armlink [4d3601]

==============================================================================

Section Cross References

    startup_stm32f40_41xxx.o(STACK) refers (Special) to heapauxi.o(.text) for __use_two_region_memory
    startup_stm32f40_41xxx.o(HEAP) refers (Special) to heapauxi.o(.text) for __use_two_region_memory
    startup_stm32f40_41xxx.o(RESET) refers (Special) to heapauxi.o(.text) for __use_two_region_memory
    startup_stm32f40_41xxx.o(RESET) refers to startup_stm32f40_41xxx.o(STACK) for __initial_sp
    startup_stm32f40_41xxx.o(RESET) refers to startup_stm32f40_41xxx.o(.text) for Reset_Handler
    startup_stm32f40_41xxx.o(RESET) refers to stm32f4xx_it.o(i.NMI_Handler) for NMI_Handler
    startup_stm32f40_41xxx.o(RESET) refers to stm32f4xx_it.o(i.HardFault_Handler) for HardFault_Handler
    startup_stm32f40_41xxx.o(RESET) refers to stm32f4xx_it.o(i.MemManage_Handler) for MemManage_Handler
    startup_stm32f40_41xxx.o(RESET) refers to stm32f4xx_it.o(i.BusFault_Handler) for BusFault_Handler
    startup_stm32f40_41xxx.o(RESET) refers to stm32f4xx_it.o(i.UsageFault_Handler) for UsageFault_Handler
    startup_stm32f40_41xxx.o(RESET) refers to stm32f4xx_it.o(i.SVC_Handler) for SVC_Handler
    startup_stm32f40_41xxx.o(RESET) refers to stm32f4xx_it.o(i.DebugMon_Handler) for DebugMon_Handler
    startup_stm32f40_41xxx.o(RESET) refers to stm32f4xx_it.o(i.PendSV_Handler) for PendSV_Handler
    startup_stm32f40_41xxx.o(RESET) refers to stm32f4xx_it.o(i.SysTick_Handler) for SysTick_Handler
    startup_stm32f40_41xxx.o(RESET) refers to iwdg.o(i.WWDG_IRQHandler) for WWDG_IRQHandler
    startup_stm32f40_41xxx.o(RESET) refers to rtc.o(i.RTC_WKUP_IRQHandler) for RTC_WKUP_IRQHandler
    startup_stm32f40_41xxx.o(RESET) refers to timer.o(i.TIM3_IRQHandler) for TIM3_IRQHandler
    startup_stm32f40_41xxx.o(RESET) refers to usart.o(i.USART1_IRQHandler) for USART1_IRQHandler
    startup_stm32f40_41xxx.o(RESET) refers to usart.o(i.USART2_IRQHandler) for USART2_IRQHandler
    startup_stm32f40_41xxx.o(RESET) refers to usart.o(i.USART3_IRQHandler) for USART3_IRQHandler
    startup_stm32f40_41xxx.o(RESET) refers to rtc.o(i.RTC_Alarm_IRQHandler) for RTC_Alarm_IRQHandler
    startup_stm32f40_41xxx.o(RESET) refers to timer.o(i.TIM8_UP_TIM13_IRQHandler) for TIM8_UP_TIM13_IRQHandler
    startup_stm32f40_41xxx.o(.text) refers (Special) to heapauxi.o(.text) for __use_two_region_memory
    startup_stm32f40_41xxx.o(.text) refers to system_stm32f4xx.o(i.SystemInit) for SystemInit
    startup_stm32f40_41xxx.o(.text) refers to __main.o(!!!main) for __main
    startup_stm32f40_41xxx.o(.text) refers to startup_stm32f40_41xxx.o(HEAP) for Heap_Mem
    startup_stm32f40_41xxx.o(.text) refers to startup_stm32f40_41xxx.o(STACK) for Stack_Mem
    stm32f4xx_adc.o(i.ADC_DeInit) refers to stm32f4xx_rcc.o(i.RCC_APB2PeriphResetCmd) for RCC_APB2PeriphResetCmd
    stm32f4xx_dac.o(i.DAC_DeInit) refers to stm32f4xx_rcc.o(i.RCC_APB1PeriphResetCmd) for RCC_APB1PeriphResetCmd
    stm32f4xx_dma2d.o(i.DMA2D_DeInit) refers to stm32f4xx_rcc.o(i.RCC_AHB1PeriphResetCmd) for RCC_AHB1PeriphResetCmd
    stm32f4xx_fsmc.o(i.FSMC_NORSRAMStructInit) refers to stm32f4xx_fsmc.o(.constdata) for .constdata
    stm32f4xx_gpio.o(i.GPIO_DeInit) refers to stm32f4xx_rcc.o(i.RCC_AHB1PeriphResetCmd) for RCC_AHB1PeriphResetCmd
    stm32f4xx_i2c.o(i.I2C_DeInit) refers to stm32f4xx_rcc.o(i.RCC_APB1PeriphResetCmd) for RCC_APB1PeriphResetCmd
    stm32f4xx_i2c.o(i.I2C_Init) refers to stm32f4xx_rcc.o(i.RCC_GetClocksFreq) for RCC_GetClocksFreq
    stm32f4xx_rcc.o(i.RCC_GetClocksFreq) refers to stm32f4xx_rcc.o(.data) for .data
    stm32f4xx_rcc.o(i.RCC_WaitForHSEStartUp) refers to stm32f4xx_rcc.o(i.RCC_GetFlagStatus) for RCC_GetFlagStatus
    stm32f4xx_rtc.o(i.RTC_CoarseCalibCmd) refers to stm32f4xx_rtc.o(i.RTC_EnterInitMode) for RTC_EnterInitMode
    stm32f4xx_rtc.o(i.RTC_CoarseCalibCmd) refers to stm32f4xx_rtc.o(i.RTC_ExitInitMode) for RTC_ExitInitMode
    stm32f4xx_rtc.o(i.RTC_CoarseCalibConfig) refers to stm32f4xx_rtc.o(i.RTC_EnterInitMode) for RTC_EnterInitMode
    stm32f4xx_rtc.o(i.RTC_CoarseCalibConfig) refers to stm32f4xx_rtc.o(i.RTC_ExitInitMode) for RTC_ExitInitMode
    stm32f4xx_rtc.o(i.RTC_DeInit) refers to stm32f4xx_rtc.o(i.RTC_EnterInitMode) for RTC_EnterInitMode
    stm32f4xx_rtc.o(i.RTC_DeInit) refers to stm32f4xx_rtc.o(i.RTC_WaitForSynchro) for RTC_WaitForSynchro
    stm32f4xx_rtc.o(i.RTC_GetAlarm) refers to stm32f4xx_rtc.o(i.RTC_Bcd2ToByte) for RTC_Bcd2ToByte
    stm32f4xx_rtc.o(i.RTC_GetDate) refers to stm32f4xx_rtc.o(i.RTC_Bcd2ToByte) for RTC_Bcd2ToByte
    stm32f4xx_rtc.o(i.RTC_GetTime) refers to stm32f4xx_rtc.o(i.RTC_Bcd2ToByte) for RTC_Bcd2ToByte
    stm32f4xx_rtc.o(i.RTC_GetTimeStamp) refers to stm32f4xx_rtc.o(i.RTC_Bcd2ToByte) for RTC_Bcd2ToByte
    stm32f4xx_rtc.o(i.RTC_Init) refers to stm32f4xx_rtc.o(i.RTC_EnterInitMode) for RTC_EnterInitMode
[...]
    ../clib/heap2.c                          0x00000000   Number         0  heap2.o ABSOLUTE
    ../clib/heap2.c                          0x00000000   Number         0  fdtree.o ABSOLUTE
    ../clib/heap2.c                          0x00000000   Number         0  heap2mt.o ABSOLUTE
    ../clib/heapalloc.c                      0x00000000   Number         0  free.o ABSOLUTE
    ../clib/heapalloc.c                      0x00000000   Number         0  init_alloc.o ABSOLUTE
    ../clib/heapalloc.c                      0x00000000   Number         0  hguard.o ABSOLUTE
    ../clib/heapalloc.c                      0x00000000   Number         0  malloc.o ABSOLUTE
    ../clib/heapalloc.c                      0x00000000   Number         0  heapstubs.o ABSOLUTE
    ../clib/heapalloc.c                      0x00000000   Number         0  maybetermalloc1.o ABSOLUTE
    ../clib/heapalloc.c                      0x00000000   Number         0  maybetermalloc1.o ABSOLUTE
    ../clib/heapalloc.c                      0x00000000   Number         0  maybetermalloc2.o ABSOLUTE
    ../clib/heapalloc.c                      0x00000000   Number         0  maybetermalloc2.o ABSOLUTE
    ../clib/heapalloc.c                      0x00000000   Number         0  term_alloc.o ABSOLUTE
    ../clib/heapalloc.c                      0x00000000   Number         0  hrguard.o ABSOLUTE
    ../clib/heapalloc.c                      0x00000000   Number         0  calloc.o ABSOLUTE
    ../clib/heapaux.c                        0x00000000   Number         0  heapauxi.o ABSOLUTE
    ../clib/heapaux.c                        0x00000000   Number         0  heapauxa.o ABSOLUTE
    ../clib/libinit.s                        0x00000000   Number         0  libshutdown.o ABSOLUTE
    ../clib/libinit.s                        0x00000000   Number         0  libshutdown2.o ABSOLUTE
    ../clib/libinit.s                        0x00000000   Number         0  libinit.o ABSOLUTE
    ../clib/libinit.s                        0x00000000   Number         0  libinit2.o ABSOLUTE
    ../clib/locale.s                         0x00000000   Number         0  lc_numeric_c.o ABSOLUTE
    ../clib/longlong.s                       0x00000000   Number         0  lludivv7m.o ABSOLUTE
    ../clib/longlong.s                       0x00000000   Number         0  lludiv10.o ABSOLUTE
    ../clib/longlong.s                       0x00000000   Number         0  llsdiv.o ABSOLUTE
    ../clib/memcpset.s                       0x00000000   Number         0  rt_memcpy_w.o ABSOLUTE
    ../clib/memcpset.s                       0x00000000   Number         0  rt_memclr.o ABSOLUTE
    ../clib/memcpset.s                       0x00000000   Number         0  strcmpv7m.o ABSOLUTE
    ../clib/memcpset.s                       0x00000000   Number         0  aeabi_memset.o ABSOLUTE
    ../clib/memcpset.s                       0x00000000   Number         0  rt_memcpy_v6.o ABSOLUTE
    ../clib/memcpset.s                       0x00000000   Number         0  rt_memclr_w.o ABSOLUTE
    ../clib/misc.s                           0x00000000   Number         0  printf_stubs.o ABSOLUTE
    ../clib/printf.c                         0x00000000   Number         0  __printf_flags_ss_wp.o ABSOLUTE
    ../clib/printf.c                         0x00000000   Number         0  _printf_intcommon.o ABSOLUTE
    ../clib/printf.c                         0x00000000   Number         0  _printf_fp_dec.o ABSOLUTE
    ../clib/printf.c                         0x00000000   Number         0  _printf_char_common.o ABSOLUTE
    ../clib/printf.c                         0x00000000   Number         0  _sputc.o ABSOLUTE
    ../clib/printf.c                         0x00000000   Number         0  _printf_char.o ABSOLUTE
    ../clib/printf.c                         0x00000000   Number         0  _printf_char_file.o ABSOLUTE
    ../clib/printf.c                         0x00000000   Number         0  _printf_fp_infnan.o ABSOLUTE
    ../clib/printf.c                         0x00000000   Number         0  __printf_nopercent.o ABSOLUTE
    ../clib/printf.c                         0x00000000   Number         0  __2printf.o ABSOLUTE
    ../clib/printf.c                         0x00000000   Number         0  __2sprintf.o ABSOLUTE
    ../clib/printf.c                         0x00000000   Number         0  noretval__2printf.o ABSOLUTE
    ../clib/printf.c                         0x00000000   Number         0  noretval__2sprintf.o ABSOLUTE
    ../clib/printf.c                         0x00000000   Number         0  __printf.o ABSOLUTE
    ../clib/printf.c                         0x00000000   Number         0  _printf_pad.o ABSOLUTE
    ../clib/printf.c                         0x00000000   Number         0  _printf_str.o ABSOLUTE
    ../clib/printf.c                         0x00000000   Number         0  _printf_dec.o ABSOLUTE
    ../clib/printf.c                         0x00000000   Number         0  _printf_hex_ll.o ABSOLUTE
    ../clib/printf.c                         0x00000000   Number         0  _printf_hex_int.o ABSOLUTE
    ../clib/printf.c                         0x00000000   Number         0  _printf_hex_int_ll.o ABSOLUTE
    ../clib/printf.c                         0x00000000   Number         0  _printf_hex_ptr.o ABSOLUTE
    ../clib/printf.c                         0x00000000   Number         0  _printf_hex_int_ptr.o ABSOLUTE
    ../clib/printf.c                         0x00000000   Number         0  _printf_hex_ll_ptr.o ABSOLUTE
    ../clib/printf.c                         0x00000000   Number         0  _printf_hex_int_ll_ptr.o ABSOLUTE
    ../clib/printf.c                         0x00000000   Number         0  __printf_flags.o ABSOLUTE
    ../clib/printf.c                         0x00000000   Number         0  __printf_ss.o ABSOLUTE
    ../clib/printf.c                         0x00000000   Number         0  __printf_flags_ss.o ABSOLUTE
    ../clib/printf.c                         0x00000000   Number         0  __printf_wp.o ABSOLUTE
    ../clib/printf.c                         0x00000000   Number         0  __printf_flags_wp.o ABSOLUTE
    ../clib/printf.c                         0x00000000   Number         0  __printf_ss_wp.o ABSOLUTE
    ../clib/printf_percent.s                 0x00000000   Number         0  _printf_x.o ABSOLUTE
    ../clib/printf_percent.s                 0x00000000   Number         0  _printf_f.o ABSOLUTE
    ../clib/printf_percent.s                 0x00000000   Number         0  _printf_percent_end.o ABSOLUTE
    ../clib/printf_percent.s                 0x00000000   Number         0  _printf_percent.o ABSOLUTE
    ../clib/printf_percent.s                 0x00000000   Number         0  _printf_s.o ABSOLUTE
    ../clib/printf_percent.s                 0x00000000   Number         0  _printf_d.o ABSOLUTE
    ../clib/signal.c                         0x00000000   Number         0  defsig_general.o ABSOLUTE
    ../clib/signal.c                         0x00000000   Number         0  defsig_other.o ABSOLUTE
    ../clib/signal.c                         0x00000000   Number         0  defsig_segv_inner.o ABSOLUTE
    ../clib/signal.c                         0x00000000   Number         0  defsig_cppl_inner.o ABSOLUTE
    ../clib/signal.c                         0x00000000   Number         0  defsig_pvfn_inner.o ABSOLUTE
    ../clib/signal.c                         0x00000000   Number         0  defsig_stak_inner.o ABSOLUTE
    ../clib/signal.c                         0x00000000   Number         0  defsig_exit.o ABSOLUTE
    ../clib/signal.c                         0x00000000   Number         0  defsig_rtred_inner.o ABSOLUTE
    ../clib/signal.c                         0x00000000   Number         0  defsig_abrt_inner.o ABSOLUTE
    ../clib/signal.c                         0x00000000   Number         0  __raise.o ABSOLUTE
    ../clib/signal.c                         0x00000000   Number         0  defsig_rtmem_formal.o ABSOLUTE
    ../clib/signal.c                         0x00000000   Number         0  defsig_rtmem_inner.o ABSOLUTE
    ../clib/signal.c                         0x00000000   Number         0  defsig_fpe_inner.o ABSOLUTE
    ../clib/signal.c                         0x00000000   Number         0  defsig_rtmem_outer.o ABSOLUTE
    ../clib/signal.c                         0x00000000   Number         0  defsig_fpe_formal.o ABSOLUTE
    ../clib/signal.c                         0x00000000   Number         0  defsig_fpe_outer.o ABSOLUTE
    ../clib/signal.s                         0x00000000   Number         0  defsig.o ABSOLUTE
    ../clib/stdio.c                          0x00000000   Number         0  ferror.o ABSOLUTE
    ../clib/stdio.c                          0x00000000   Number         0  ferror_locked.o ABSOLUTE
    ../clib/stdlib.c                         0x00000000   Number         0  exit.o ABSOLUTE
    ../clib/string.c                         0x00000000   Number         0  strlen.o ABSOLUTE
    ../clib/string.c                         0x00000000   Number         0  memcmp.o ABSOLUTE
    ../clib/string.c                         0x00000000   Number         0  strstr.o ABSOLUTE
    ../fplib/basic.s                         0x00000000   Number         0  basic.o ABSOLUTE
    ../fplib/d2f.s                           0x00000000   Number         0  d2f.o ABSOLUTE
    ../fplib/daddsub.s                       0x00000000   Number         0  daddsub_clz.o ABSOLUTE
    ../fplib/dcmpi.s                         0x00000000   Number         0  dcmpi.o ABSOLUTE
    ../fplib/ddiv.s                          0x00000000   Number         0  ddiv.o ABSOLUTE
    ../fplib/deqf.s                          0x00000000   Number         0  deqf.o ABSOLUTE
    ../fplib/dfixu.s                         0x00000000   Number         0  dfixu.o ABSOLUTE
    ../fplib/dflt.s                          0x00000000   Number         0  dflt_clz.o ABSOLUTE
    ../fplib/dleqf.s                         0x00000000   Number         0  dleqf.o ABSOLUTE
    ../fplib/dmul.s                          0x00000000   Number         0  dmul.o ABSOLUTE
    ../fplib/dnaninf.s                       0x00000000   Number         0  dnaninf.o ABSOLUTE
    ../fplib/dretinf.s                       0x00000000   Number         0  dretinf.o ABSOLUTE
    ../fplib/dsqrt.s                         0x00000000   Number         0  dsqrt_umaal.o ABSOLUTE
    ../fplib/f2d.s                           0x00000000   Number         0  f2d.o ABSOLUTE
    ../fplib/fnaninf.s                       0x00000000   Number         0  fnaninf.o ABSOLUTE
    ../fplib/fpinit.s                        0x00000000   Number         0  fpinit.o ABSOLUTE
    ../fplib/fretinf.s                       0x00000000   Number         0  fretinf.o ABSOLUTE
    ../fplib/istatus.s                       0x00000000   Number         0  istatus.o ABSOLUTE
    ../fplib/printf1.s                       0x00000000   Number         0  printf1.o ABSOLUTE
    ../fplib/usenofp.s                       0x00000000   Number         0  usenofp.o ABSOLUTE
    ../mathlib/asin.c                        0x00000000   Number         0  asin_x.o ABSOLUTE
    ../mathlib/asin.c                        0x00000000   Number         0  asin.o ABSOLUTE
    ../mathlib/atan.c                        0x00000000   Number         0  atan_x.o ABSOLUTE
    ../mathlib/atan.c                        0x00000000   Number         0  atan.o ABSOLUTE
    ../mathlib/atan2.c                       0x00000000   Number         0  atan2_x.o ABSOLUTE
    ../mathlib/atan2.c                       0x00000000   Number         0  atan2.o ABSOLUTE
    ../mathlib/dunder.c                      0x00000000   Number         0  dunder.o ABSOLUTE
    ../mathlib/fabs.c                        0x00000000   Number         0  fabs.o ABSOLUTE
    ../mathlib/fpclassify.c                  0x00000000   Number         0  fpclassify.o ABSOLUTE
    ../mathlib/poly.c                        0x00000000   Number         0  poly.o ABSOLUTE
    ../mathlib/qnan.c                        0x00000000   Number         0  qnan.o ABSOLUTE
    ../mathlib/sqrt.c                        0x00000000   Number         0  sqrt.o ABSOLUTE
    ../mathlib/sqrt.c                        0x00000000   Number         0  sqrt_x.o ABSOLUTE
    ..\CORE\startup_stm32f40_41xxx.s         0x00000000   Number         0  startup_stm32f40_41xxx.o ABSOLUTE
    ..\FWLIB\src\misc.c                      0x00000000   Number         0  misc.o ABSOLUTE
    ..\FWLIB\src\stm32f4xx_adc.c             0x00000000   Number         0  stm32f4xx_adc.o ABSOLUTE
    ..\FWLIB\src\stm32f4xx_crc.c             0x00000000   Number         0  stm32f4xx_crc.o ABSOLUTE
    ..\FWLIB\src\stm32f4xx_dac.c             0x00000000   Number         0  stm32f4xx_dac.o ABSOLUTE
    ..\FWLIB\src\stm32f4xx_dcmi.c            0x00000000   Number         0  stm32f4xx_dcmi.o ABSOLUTE
    ..\FWLIB\src\stm32f4xx_dma.c             0x00000000   Number         0  stm32f4xx_dma.o ABSOLUTE
    ..\FWLIB\src\stm32f4xx_dma2d.c           0x00000000   Number         0  stm32f4xx_dma2d.o ABSOLUTE
    ..\FWLIB\src\stm32f4xx_exti.c            0x00000000   Number         0  stm32f4xx_exti.o ABSOLUTE
    ..\FWLIB\src\stm32f4xx_flash.c           0x00000000   Number         0  stm32f4xx_flash.o ABSOLUTE
    ..\FWLIB\src\stm32f4xx_fsmc.c            0x00000000   Number         0  stm32f4xx_fsmc.o ABSOLUTE
    ..\FWLIB\src\stm32f4xx_gpio.c            0x00000000   Number         0  stm32f4xx_gpio.o ABSOLUTE
    ..\FWLIB\src\stm32f4xx_i2c.c             0x00000000   Number         0  stm32f4xx_i2c.o ABSOLUTE
    ..\FWLIB\src\stm32f4xx_iwdg.c            0x00000000   Number         0  stm32f4xx_iwdg.o ABSOLUTE
    ..\FWLIB\src\stm32f4xx_pwr.c             0x00000000   Number         0  stm32f4xx_pwr.o ABSOLUTE
    ..\FWLIB\src\stm32f4xx_rcc.c             0x00000000   Number         0  stm32f4xx_rcc.o ABSOLUTE
    ..\FWLIB\src\stm32f4xx_rtc.c             0x00000000   Number         0  stm32f4xx_rtc.o ABSOLUTE
    ..\FWLIB\src\stm32f4xx_sdio.c            0x00000000   Number         0  stm32f4xx_sdio.o ABSOLUTE
    ..\FWLIB\src\stm32f4xx_spi.c             0x00000000   Number         0  stm32f4xx_spi.o ABSOLUTE
    ..\FWLIB\src\stm32f4xx_syscfg.c          0x00000000   Number         0  stm32f4xx_syscfg.o ABSOLUTE
    ..\FWLIB\src\stm32f4xx_tim.c             0x00000000   Number         0  stm32f4xx_tim.o ABSOLUTE
    ..\FWLIB\src\stm32f4xx_usart.c           0x00000000   Number         0  stm32f4xx_usart.o ABSOLUTE
    ..\FWLIB\src\stm32f4xx_wwdg.c            0x00000000   Number         0  stm32f4xx_wwdg.o ABSOLUTE
    ..\SYSTEM\ADC\adc.c                      0x00000000   Number         0  adc.o ABSOLUTE
    ..\SYSTEM\DHT\dht11.c                    0x00000000   Number         0  dht11.o ABSOLUTE
    ..\SYSTEM\ESP8266\mqtt.c                 0x00000000   Number         0  mqtt.o ABSOLUTE
    ..\SYSTEM\FLASH\flash.c                  0x00000000   Number         0  flash.o ABSOLUTE
    ..\SYSTEM\FSMC\fsmc.c                    0x00000000   Number         0  fsmc.o ABSOLUTE
    ..\SYSTEM\HC-SR04\hc_sr04.c              0x00000000   Number         0  hc_sr04.o ABSOLUTE
    ..\SYSTEM\IIC\MPU6050.c                  0x00000000   Number         0  mpu6050.o ABSOLUTE
    ..\SYSTEM\IIC\at24cxx.c                  0x00000000   Number         0  at24cxx.o ABSOLUTE
    ..\SYSTEM\IIC\eMPL\inv_mpu.c             0x00000000   Number         0  inv_mpu.o ABSOLUTE
    ..\SYSTEM\IIC\eMPL\inv_mpu_dmp_motion_driver.c 0x00000000   Number         0  inv_mpu_dmp_motion_driver.o ABSOLUTE
    ..\SYSTEM\IIC\iic.c                      0x00000000   Number         0  iic.o ABSOLUTE
    ..\SYSTEM\IIC\oled.c                     0x00000000   Number         0  oled.o ABSOLUTE
    ..\SYSTEM\KEY\key.c                      0x00000000   Number         0  key.o ABSOLUTE
    ..\SYSTEM\KEY\keyboard.c                 0x00000000   Number         0  keyboard.o ABSOLUTE
    ..\SYSTEM\LED\led.c                      0x00000000   Number         0  led.o ABSOLUTE
    ..\SYSTEM\PAJ7620U2\paj7620u2.c          0x00000000   Number         0  paj7620u2.o ABSOLUTE
    ..\SYSTEM\PAJ7620U2\paj7620u2_iic.c      0x00000000   Number         0  paj7620u2_iic.o ABSOLUTE
    ..\SYSTEM\RTC\rtc.c                      0x00000000   Number         0  rtc.o ABSOLUTE
    ..\SYSTEM\SPI\mfrc522.c                  0x00000000   Number         0  mfrc522.o ABSOLUTE
    ..\SYSTEM\SPI\nrf24l01.c                 0x00000000   Number         0  nrf24l01.o ABSOLUTE
    ..\SYSTEM\SPI\spi.c                      0x00000000   Number         0  spi.o ABSOLUTE
    ..\SYSTEM\SPI\w25qxx.c                   0x00000000   Number         0  w25qxx.o ABSOLUTE
    ..\SYSTEM\SPI\xpt2046.c                  0x00000000   Number         0  xpt2046.o ABSOLUTE
    ..\SYSTEM\SYS\Sys.c                      0x00000000   Number         0  sys.o ABSOLUTE
    ..\SYSTEM\TIM\timer.c                    0x00000000   Number         0  timer.o ABSOLUTE
    ..\SYSTEM\USART\usart.c                  0x00000000   Number         0  usart.o ABSOLUTE
    ..\SYSTEM\WDG\iwdg.c                     0x00000000   Number         0  iwdg.o ABSOLUTE
    ..\\FWLIB\\src\\misc.c                   0x00000000   Number         0  misc.o ABSOLUTE
    ..\\FWLIB\\src\\stm32f4xx_adc.c          0x00000000   Number         0  stm32f4xx_adc.o ABSOLUTE
    ..\\FWLIB\\src\\stm32f4xx_crc.c          0x00000000   Number         0  stm32f4xx_crc.o ABSOLUTE
    ..\\FWLIB\\src\\stm32f4xx_dac.c          0x00000000   Number         0  stm32f4xx_dac.o ABSOLUTE
    ..\\FWLIB\\src\\stm32f4xx_dcmi.c         0x00000000   Number         0  stm32f4xx_dcmi.o ABSOLUTE
    ..\\FWLIB\\src\\stm32f4xx_dma.c          0x00000000   Number         0  stm32f4xx_dma.o ABSOLUTE
    ..\\FWLIB\\src\\stm32f4xx_dma2d.c        0x00000000   Number         0  stm32f4xx_dma2d.o ABSOLUTE
    ..\\FWLIB\\src\\stm32f4xx_exti.c         0x00000000   Number         0  stm32f4xx_exti.o ABSOLUTE
    ..\\FWLIB\\src\\stm32f4xx_flash.c        0x00000000   Number         0  stm32f4xx_flash.o ABSOLUTE
    ..\\FWLIB\\src\\stm32f4xx_fsmc.c         0x00000000   Number         0  stm32f4xx_fsmc.o ABSOLUTE
    ..\\FWLIB\\src\\stm32f4xx_gpio.c         0x00000000   Number         0  stm32f4xx_gpio.o ABSOLUTE
    ..\\FWLIB\\src\\stm32f4xx_i2c.c          0x00000000   Number         0  stm32f4xx_i2c.o ABSOLUTE
    ..\\FWLIB\\src\\stm32f4xx_iwdg.c         0x00000000   Number         0  stm32f4xx_iwdg.o ABSOLUTE
    ..\\FWLIB\\src\\stm32f4xx_pwr.c          0x00000000   Number         0  stm32f4xx_pwr.o ABSOLUTE
    ..\\FWLIB\\src\\stm32f4xx_rcc.c          0x00000000   Number         0  stm32f4xx_rcc.o ABSOLUTE
    ..\\FWLIB\\src\\stm32f4xx_rtc.c          0x00000000   Number         0  stm32f4xx_rtc.o ABSOLUTE
    ..\\FWLIB\\src\\stm32f4xx_sdio.c         0x00000000   Number         0  stm32f4xx_sdio.o ABSOLUTE
    ..\\FWLIB\\src\\stm32f4xx_spi.c          0x00000000   Number         0  stm32f4xx_spi.o ABSOLUTE
    ..\\FWLIB\\src\\stm32f4xx_syscfg.c       0x00000000   Number         0  stm32f4xx_syscfg.o ABSOLUTE
    ..\\FWLIB\\src\\stm32f4xx_tim.c          0x00000000   Number         0  stm32f4xx_tim.o ABSOLUTE
    ..\\FWLIB\\src\\stm32f4xx_usart.c        0x00000000   Number         0  stm32f4xx_usart.o ABSOLUTE
    ..\\FWLIB\\src\\stm32f4xx_wwdg.c         0x00000000   Number         0  stm32f4xx_wwdg.o ABSOLUTE
    ..\\SYSTEM\\ADC\\adc.c                   0x00000000   Number         0  adc.o ABSOLUTE
    ..\\SYSTEM\\DHT\\dht11.c                 0x00000000   Number         0  dht11.o ABSOLUTE
    ..\\SYSTEM\\ESP8266\\mqtt.c              0x00000000   Number         0  mqtt.o ABSOLUTE
    ..\\SYSTEM\\FLASH\\flash.c               0x00000000   Number         0  flash.o ABSOLUTE
    ..\\SYSTEM\\FSMC\\fsmc.c                 0x00000000   Number         0  fsmc.o ABSOLUTE
    ..\\SYSTEM\\HC-SR04\\hc_sr04.c           0x00000000   Number         0  hc_sr04.o ABSOLUTE
    ..\\SYSTEM\\IIC\\MPU6050.c               0x00000000   Number         0  mpu6050.o ABSOLUTE
    ..\\SYSTEM\\IIC\\at24cxx.c               0x00000000   Number         0  at24cxx.o ABSOLUTE
    ..\\SYSTEM\\IIC\\eMPL\\inv_mpu.c         0x00000000   Number         0  inv_mpu.o ABSOLUTE
    ..\\SYSTEM\\IIC\\eMPL\\inv_mpu_dmp_motion_driver.c 0x00000000   Number         0  inv_mpu_dmp_motion_driver.o ABSOLUTE
    ..\\SYSTEM\\IIC\\iic.c                   0x00000000   Number         0  iic.o ABSOLUTE
    ..\\SYSTEM\\IIC\\oled.c                  0x00000000   Number         0  oled.o ABSOLUTE
    ..\\SYSTEM\\KEY\\key.c                   0x00000000   Number         0  key.o ABSOLUTE
    ..\\SYSTEM\\KEY\\keyboard.c              0x00000000   Number         0  keyboard.o ABSOLUTE
    ..\\SYSTEM\\LED\\led.c                   0x00000000   Number         0  led.o ABSOLUTE
    ..\\SYSTEM\\PAJ7620U2\\paj7620u2.c       0x00000000   Number         0  paj7620u2.o ABSOLUTE
    ..\\SYSTEM\\PAJ7620U2\\paj7620u2_iic.c   0x00000000   Number         0  paj7620u2_iic.o ABSOLUTE
    ..\\SYSTEM\\RTC\\rtc.c                   0x00000000   Number         0  rtc.o ABSOLUTE
    ..\\SYSTEM\\SPI\\mfrc522.c               0x00000000   Number         0  mfrc522.o ABSOLUTE
    ..\\SYSTEM\\SPI\\nrf24l01.c              0x00000000   Number         0  nrf24l01.o ABSOLUTE
    ..\\SYSTEM\\SPI\\spi.c                   0x00000000   Number         0  spi.o ABSOLUTE
    ..\\SYSTEM\\SPI\\w25qxx.c                0x00000000   Number         0  w25qxx.o ABSOLUTE
    ..\\SYSTEM\\SPI\\xpt2046.c               0x00000000   Number         0  xpt2046.o ABSOLUTE
    ..\\SYSTEM\\SYS\\Sys.c                   0x00000000   Number         0  sys.o ABSOLUTE
    ..\\SYSTEM\\TIM\\timer.c                 0x00000000   Number         0  timer.o ABSOLUTE
    ..\\SYSTEM\\USART\\usart.c               0x00000000   Number         0  usart.o ABSOLUTE
    ..\\SYSTEM\\WDG\\iwdg.c                  0x00000000   Number         0  iwdg.o ABSOLUTE
    dc.s                                     0x00000000   Number         0  dc.o ABSOLUTE
    main.c                                   0x00000000   Number         0  main.o ABSOLUTE
    main.c                                   0x00000000   Number         0  main.o ABSOLUTE
    stm32f4xx_it.c                           0x00000000   Number         0  stm32f4xx_it.o ABSOLUTE
    stm32f4xx_it.c                           0x00000000   Number         0  stm32f4xx_it.o ABSOLUTE
    system_stm32f4xx.c                       0x00000000   Number         0  system_stm32f4xx.o ABSOLUTE
    system_stm32f4xx.c                       0x00000000   Number         0  system_stm32f4xx.o ABSOLUTE
    RESET                                    0x08000000   Section      392  startup_stm32f40_41xxx.o(RESET)
    !!!main                                  0x08000188   Section        8  __main.o(!!!main)
    !!!scatter                               0x08000190   Section       52  __scatter.o(!!!scatter)
    !!handler_copy                           0x080001c4   Section       26  __scatter_copy.o(!!handler_copy)
    !!handler_zi                             0x080001e0   Section       28  __scatter_zi.o(!!handler_zi)
    .ARM.Collect$$_printf_percent$$00000000  0x080001fc   Section        0  _printf_percent.o(.ARM.Collect$$_printf_percent$$00000000)
    .ARM.Collect$$_printf_percent$$0000000C  0x080001fc   Section        6  _printf_x.o(.ARM.Collect$$_printf_percent$$0000000C)
    .ARM.Collect$$_printf_percent$$00000017  0x08000202   Section        4  _printf_percent_end.o(.ARM.Collect$$_printf_percent$$00000017)
    .ARM.Collect$$libinit$$00000000          0x08000206   Section        2  libinit.o(.ARM.Collect$$libinit$$00000000)
    .ARM.Collect$$libinit$$00000001          0x08000208   Section        4  libinit2.o(.ARM.Collect$$libinit$$00000001)
    .ARM.Collect$$libinit$$00000004          0x0800020c   Section        0  libinit2.o(.ARM.Collect$$libinit$$00000004)
    .ARM.Collect$$libinit$$0000000A          0x0800020c   Section        0  libinit2.o(.ARM.Collect$$libinit$$0000000A)
    .ARM.Collect$$libinit$$0000000C          0x0800020c   Section        0  libinit2.o(.ARM.Collect$$libinit$$0000000C)
    .ARM.Collect$$libinit$$0000000E          0x0800020c   Section        0  libinit2.o(.ARM.Collect$$libinit$$0000000E)
    .ARM.Collect$$libinit$$00000011          0x0800020c   Section        0  libinit2.o(.ARM.Collect$$libinit$$00000011)
    .ARM.Collect$$libinit$$00000013          0x0800020c   Section        0  libinit2.o(.ARM.Collect$$libinit$$00000013)
    .ARM.Collect$$libinit$$00000015          0x0800020c   Section        0  libinit2.o(.ARM.Collect$$libinit$$00000015)
    .ARM.Collect$$libinit$$00000017          0x0800020c   Section        0  libinit2.o(.ARM.Collect$$libinit$$00000017)
    .ARM.Collect$$libinit$$00000019          0x0800020c   Section        0  libinit2.o(.ARM.Collect$$libinit$$00000019)
    .ARM.Collect$$libinit$$0000001B          0x0800020c   Section        0  libinit2.o(.ARM.Collect$$libinit$$0000001B)
    .ARM.Collect$$libinit$$0000001D          0x0800020c   Section        0  libinit2.o(.ARM.Collect$$libinit$$0000001D)
    .ARM.Collect$$libinit$$0000001F          0x0800020c   Section        0  libinit2.o(.ARM.Collect$$libinit$$0000001F)
    .ARM.Collect$$libinit$$00000021          0x0800020c   Section        0  libinit2.o(.ARM.Collect$$libinit$$00000021)
    .ARM.Collect$$libinit$$00000023          0x0800020c   Section        0  libinit2.o(.ARM.Collect$$libinit$$00000023)
    .ARM.Collect$$libinit$$00000025          0x0800020c   Section        0  libinit2.o(.ARM.Collect$$libinit$$00000025)
    .ARM.Collect$$libinit$$0000002C          0x0800020c   Section        0  libinit2.o(.ARM.Collect$$libinit$$0000002C)
    .ARM.Collect$$libinit$$0000002E          0x0800020c   Section        0  libinit2.o(.ARM.Collect$$libinit$$0000002E)
    .ARM.Collect$$libinit$$00000030          0x0800020c   Section        0  libinit2.o(.ARM.Collect$$libinit$$00000030)
    .ARM.Collect$$libinit$$00000032          0x0800020c   Section        0  libinit2.o(.ARM.Collect$$libinit$$00000032)
    .ARM.Collect$$libinit$$00000033          0x0800020c   Section        2  libinit2.o(.ARM.Collect$$libinit$$00000033)
    .ARM.Collect$$libshutdown$$00000000      0x0800020e   Section        2  libshutdown.o(.ARM.Collect$$libshutdown$$00000000)
    .ARM.Collect$$libshutdown$$00000002      0x08000210   Section        0  libshutdown2.o(.ARM.Collect$$libshutdown$$00000002)
    .ARM.Collect$$libshutdown$$00000004      0x08000210   Section        0  libshutdown2.o(.ARM.Collect$$libshutdown$$00000004)
    .ARM.Collect$$libshutdown$$00000006      0x08000210   Section        0  libshutdown2.o(.ARM.Collect$$libshutdown$$00000006)
    .ARM.Collect$$libshutdown$$00000009      0x08000210   Section        0  libshutdown2.o(.ARM.Collect$$libshutdown$$00000009)
    .ARM.Collect$$libshutdown$$0000000C      0x08000210   Section        0  libshutdown2.o(.ARM.Collect$$libshutdown$$0000000C)
    .ARM.Collect$$libshutdown$$0000000E      0x08000210   Section        0  libshutdown2.o(.ARM.Collect$$libshutdown$$0000000E)
    .ARM.Collect$$libshutdown$$00000011      0x08000210   Section        0  libshutdown2.o(.ARM.Collect$$libshutdown$$00000011)
    .ARM.Collect$$libshutdown$$00000012      0x08000210   Section        2  libshutdown2.o(.ARM.Collect$$libshutdown$$00000012)
    .ARM.Collect$$rtentry$$00000000          0x08000212   Section        0  __rtentry.o(.ARM.Collect$$rtentry$$00000000)
    .ARM.Collect$$rtentry$$00000002          0x08000212   Section        0  __rtentry2.o(.ARM.Collect$$rtentry$$00000002)
    .ARM.Collect$$rtentry$$00000004          0x08000212   Section        6  __rtentry4.o(.ARM.Collect$$rtentry$$00000004)
    .ARM.Collect$$rtentry$$00000009          0x08000218   Section        0  __rtentry2.o(.ARM.Collect$$rtentry$$00000009)
    .ARM.Collect$$rtentry$$0000000A          0x08000218   Section        4  __rtentry2.o(.ARM.Collect$$rtentry$$0000000A)
    .ARM.Collect$$rtentry$$0000000C          0x0800021c   Section        0  __rtentry2.o(.ARM.Collect$$rtentry$$0000000C)
    .ARM.Collect$$rtentry$$0000000D          0x0800021c   Section        8  __rtentry2.o(.ARM.Collect$$rtentry$$0000000D)
    .ARM.Collect$$rtexit$$00000000           0x08000224   Section        2  rtexit.o(.ARM.Collect$$rtexit$$00000000)
    .ARM.Collect$$rtexit$$00000002           0x08000226   Section        0  rtexit2.o(.ARM.Collect$$rtexit$$00000002)
    .ARM.Collect$$rtexit$$00000003           0x08000226   Section        4  rtexit2.o(.ARM.Collect$$rtexit$$00000003)
    .ARM.Collect$$rtexit$$00000004           0x0800022a   Section        6  rtexit2.o(.ARM.Collect$$rtexit$$00000004)
    .text                                    0x08000230   Section       64  startup_stm32f40_41xxx.o(.text)
    $v0                                      0x08000230   Number         0  startup_stm32f40_41xxx.o(.text)
    .text                                    0x08000270   Section        0  noretval__2printf.o(.text)
    .text                                    0x08000288   Section        0  _printf_hex_int.o(.text)
    .text                                    0x080002e0   Section        0  __printf_flags_wp.o(.text)
    .text                                    0x08000418   Section       78  rt_memclr_w.o(.text)
    .text                                    0x08000466   Section        0  heapauxi.o(.text)
    .text                                    0x0800046c   Section        0  _printf_intcommon.o(.text)
    .text                                    0x08000520   Section        0  _printf_char_common.o(.text)
    _printf_input_char                       0x08000521   Thumb Code    10  _printf_char_common.o(.text)
    .text                                    0x08000550   Section        0  _printf_char_file.o(.text)
    .text                                    0x08000574   Section        8  libspace.o(.text)
    .text                                    0x0800057c   Section        0  ferror.o(.text)
    .text                                    0x08000584   Section       74  sys_stackheap_outer.o(.text)
    .text                                    0x080005ce   Section        0  exit.o(.text)
    .text                                    0x080005e0   Section        0  sys_exit.o(.text)
    .text                                    0x080005ec   Section        2  use_no_semi.o(.text)
    .text                                    0x080005ee   Section        0  indicate_semi.o(.text)
    i.BusFault_Handler                       0x080005ee   Section        0  stm32f4xx_it.o(i.BusFault_Handler)
    i.DebugMon_Handler                       0x080005f0   Section        0  stm32f4xx_it.o(i.DebugMon_Handler)
    i.EXTI_ClearITPendingBit                 0x080005f4   Section        0  stm32f4xx_exti.o(i.EXTI_ClearITPendingBit)
    i.GPIO_Init                              0x08000600   Section        0  stm32f4xx_gpio.o(i.GPIO_Init)
    i.GPIO_PinAFConfig                       0x08000678   Section        0  stm32f4xx_gpio.o(i.GPIO_PinAFConfig)
    i.GPIO_ResetBits                         0x08000698   Section        0  stm32f4xx_gpio.o(i.GPIO_ResetBits)
    i.GPIO_SetBits                           0x0800069c   Section        0  stm32f4xx_gpio.o(i.GPIO_SetBits)
    i.HardFault_Handler                      0x080006a0   Section        0  stm32f4xx_it.o(i.HardFault_Handler)
    i.MemManage_Handler                      0x080006a2   Section        0  stm32f4xx_it.o(i.MemManage_Handler)
    i.NMI_Handler                            0x080006a4   Section        0  stm32f4xx_it.o(i.NMI_Handler)
    i.NVIC_Init                              0x080006a8   Section        0  misc.o(i.NVIC_Init)
    i.NVIC_PriorityGroupConfig               0x0800070c   Section        0  misc.o(i.NVIC_PriorityGroupConfig)
    i.PendSV_Handler                         0x08000720   Section        0  stm32f4xx_it.o(i.PendSV_Handler)
    i.RCC_AHB1PeriphClockCmd                 0x08000724   Section        0  stm32f4xx_rcc.o(i.RCC_AHB1PeriphClockCmd)
    i.RCC_APB1PeriphClockCmd                 0x0800073c   Section        0  stm32f4xx_rcc.o(i.RCC_APB1PeriphClockCmd)
    i.RCC_APB2PeriphClockCmd                 0x08000754   Section        0  stm32f4xx_rcc.o(i.RCC_APB2PeriphClockCmd)
    i.RCC_GetClocksFreq                      0x0800076c   Section        0  stm32f4xx_rcc.o(i.RCC_GetClocksFreq)
    i.RTC_Alarm_IRQHandler                   0x080007fc   Section        0  rtc.o(i.RTC_Alarm_IRQHandler)
    i.RTC_ClearITPendingBit                  0x08000828   Section        0  stm32f4xx_rtc.o(i.RTC_ClearITPendingBit)
    i.RTC_GetITStatus                        0x08000844   Section        0  stm32f4xx_rtc.o(i.RTC_GetITStatus)
    i.RTC_WKUP_IRQHandler                    0x08000884   Section        0  rtc.o(i.RTC_WKUP_IRQHandler)
    i.SPI_Cmd                                0x080008b0   Section        0  stm32f4xx_spi.o(i.SPI_Cmd)
    i.SPI_Init                               0x080008c4   Section        0  stm32f4xx_spi.o(i.SPI_Init)
    i.SVC_Handler                            0x080008fc   Section        0  stm32f4xx_it.o(i.SVC_Handler)
    i.SetSysClock                            0x08000900   Section        0  system_stm32f4xx.o(i.SetSysClock)
    SetSysClock                              0x08000901   Thumb Code   162  system_stm32f4xx.o(i.SetSysClock)
    i.SysTick_Handler                        0x080009b4   Section        0  stm32f4xx_it.o(i.SysTick_Handler)
    i.SystemInit                             0x080009b8   Section        0  system_stm32f4xx.o(i.SystemInit)
    i.TIM3_IRQHandler                        0x08000a14   Section        0  timer.o(i.TIM3_IRQHandler)
    i.TIM8_UP_TIM13_IRQHandler               0x08000ab4   Section        0  timer.o(i.TIM8_UP_TIM13_IRQHandler)
    i.TIM_ClearITPendingBit                  0x08000af8   Section        0  stm32f4xx_tim.o(i.TIM_ClearITPendingBit)
    i.TIM_Cmd                                0x08000afe   Section        0  stm32f4xx_tim.o(i.TIM_Cmd)
    i.TIM_GetITStatus                        0x08000b12   Section        0  stm32f4xx_tim.o(i.TIM_GetITStatus)
    i.TIM_ITConfig                           0x08000b2a   Section        0  stm32f4xx_tim.o(i.TIM_ITConfig)
    i.TIM_TimeBaseInit                       0x08000b3c   Section        0  stm32f4xx_tim.o(i.TIM_TimeBaseInit)
    i.Tim3_init                              0x08000bb8   Section        0  timer.o(i.Tim3_init)
    i.USART1_IRQHandler                      0x08000c14   Section        0  usart.o(i.USART1_IRQHandler)
    i.USART2_IRQHandler                      0x08000c8c   Section        0  usart.o(i.USART2_IRQHandler)
    i.USART3_IRQHandler                      0x08000d04   Section        0  usart.o(i.USART3_IRQHandler)
    i.USART_ClearITPendingBit                0x08000d54   Section        0  stm32f4xx_usart.o(i.USART_ClearITPendingBit)
    i.USART_Cmd                              0x08000d60   Section        0  stm32f4xx_usart.o(i.USART_Cmd)
    i.USART_GetFlagStatus                    0x08000d74   Section        0  stm32f4xx_usart.o(i.USART_GetFlagStatus)
    i.USART_GetITStatus                      0x08000d82   Section        0  stm32f4xx_usart.o(i.USART_GetITStatus)
    i.USART_ITConfig                         0x08000dc0   Section        0  stm32f4xx_usart.o(i.USART_ITConfig)
    i.USART_Init                             0x08000df0   Section        0  stm32f4xx_usart.o(i.USART_Init)
    i.USART_ReceiveData                      0x08000e9c   Section        0  stm32f4xx_usart.o(i.USART_ReceiveData)
    i.USART_SendData                         0x08000ea4   Section        0  stm32f4xx_usart.o(i.USART_SendData)
    i.UsageFault_Handler                     0x08000eac   Section        0  stm32f4xx_it.o(i.UsageFault_Handler)
    i.WWDG_ClearFlag                         0x08000eb0   Section        0  stm32f4xx_wwdg.o(i.WWDG_ClearFlag)
    i.WWDG_GetFlagStatus                     0x08000ebc   Section        0  stm32f4xx_wwdg.o(i.WWDG_GetFlagStatus)
    i.WWDG_IRQHandler                        0x08000ed0   Section        0  iwdg.o(i.WWDG_IRQHandler)
    i.WWDG_SetCounter                        0x08000eec   Section        0  stm32f4xx_wwdg.o(i.WWDG_SetCounter)
    i._is_digit                              0x08000efc   Section        0  __printf_wp.o(i._is_digit)
    i.at24c02_read                           0x08000f0a   Section        0  at24cxx.o(i.at24c02_read)
    i.at24c02_write                          0x08000f7a   Section        0  at24cxx.o(i.at24c02_write)
    i.delay_ms                               0x08000fcc   Section        0  sys.o(i.delay_ms)
    i.delay_us                               0x08001004   Section        0  sys.o(i.delay_us)
    i.fputc                                  0x08001038   Section        0  usart.o(i.fputc)
    i.iic_ack                                0x0800105c   Section        0  iic.o(i.iic_ack)
    i.iic_init                               0x080010ac   Section        0  iic.o(i.iic_init)
    i.iic_recv_byte                          0x080010f0   Section        0  iic.o(i.iic_recv_byte)
    i.iic_send_byte                          0x08001138   Section        0  iic.o(i.iic_send_byte)
    i.iic_start                              0x08001194   Section        0  iic.o(i.iic_start)
    i.iic_stop                               0x080011cc   Section        0  iic.o(i.iic_stop)
    i.iic_wait_ack                           0x080011fc   Section        0  iic.o(i.iic_wait_ack)
    i.key_board_init                         0x08001234   Section        0  keyboard.o(i.key_board_init)
    i.led_init                               0x080012e4   Section        0  led.o(i.led_init)
    i.main                                   0x08001370   Section        0  main.o(i.main)
    i.sda_mode                               0x080013f8   Section        0  iic.o(i.sda_mode)
    sda_mode                                 0x080013f9   Thumb Code    40  iic.o(i.sda_mode)
    i.spi1_init                              0x08001424   Section        0  spi.o(i.spi1_init)
    i.usart1_init                            0x080014c4   Section        0  usart.o(i.usart1_init)
    i.usart2_init                            0x08001574   Section        0  usart.o(i.usart2_init)
    i.usart3_init                            0x08001620   Section        0  usart.o(i.usart3_init)
    x$fpl$fpinit                             0x080016d0   Section       10  fpinit.o(x$fpl$fpinit)
    $v0                                      0x080016d0   Number         0  fpinit.o(x$fpl$fpinit)
    .constdata                               0x080016da   Section       40  _printf_hex_int.o(.constdata)
    uc_hextab                                0x080016da   Data          20  _printf_hex_int.o(.constdata)
    lc_hextab                                0x080016ee   Data          20  _printf_hex_int.o(.constdata)
    .constdata                               0x08001702   Section       17  __printf_flags_wp.o(.constdata)
    maptable                                 0x08001702   Data          17  __printf_flags_wp.o(.constdata)
    .data                                    0x20000000   Section       16  stm32f4xx_rcc.o(.data)
    APBAHBPrescTable                         0x20000000   Data          16  stm32f4xx_rcc.o(.data)
    .data                                    0x20000010   Section       36  timer.o(.data)
    _K1                                      0x20000010   Data           4  timer.o(.data)
    _K2                                      0x20000014   Data           4  timer.o(.data)
    _K3                                      0x20000018   Data           4  timer.o(.data)
    _K4                                      0x2000001c   Data           4  timer.o(.data)
    .data                                    0x20000034   Section        4  usart.o(.data)
    .data                                    0x20000038   Section       16  rtc.o(.data)
    .data                                    0x20000048   Section       20  system_stm32f4xx.o(.data)
    .bss                                     0x2000005c   Section      624  usart.o(.bss)
    .bss                                     0x200002cc   Section       96  libspace.o(.bss)
    HEAP                                     0x20000330   Section      512  startup_stm32f40_41xxx.o(HEAP)
    Heap_Mem                                 0x20000330   Data         512  startup_stm32f40_41xxx.o(HEAP)
    STACK                                    0x20000530   Section     1024  startup_stm32f40_41xxx.o(STACK)
    Stack_Mem                                0x20000530   Data        1024  startup_stm32f40_41xxx.o(STACK)
    __initial_sp                             0x20000930   Data           0  startup_stm32f40_41xxx.o(STACK)

    Global Symbols

    Symbol Name                              Value     Ov Type        Size  Object(Section)

    BuildAttributes$$THM_ISAv4$E$P$D$K$B$S$7EM$VFPi3$EXTD16$VFPS$VFMA$PE$A:L22UL41UL21$X:L11$S22US41US21$IEEE1$IW$USESV6$~STKCKD$USESV7$~SHL$OTIME$ROPI$IEEEX$EBA8$UX$STANDARDLIB$REQ8$PRES8$EABIv2 0x00000000   Number         0  anon$$obj.o ABSOLUTE
    __ARM_use_no_argv                        0x00000000   Number         0  main.o ABSOLUTE
    _printf_flags                            0x00000000   Number         0  printf_stubs.o ABSOLUTE
    _printf_return_value                     0x00000000   Number         0  printf_stubs.o ABSOLUTE
    _printf_sizespec                         0x00000000   Number         0  printf_stubs.o ABSOLUTE
    _printf_widthprec                        0x00000000   Number         0  printf_stubs.o ABSOLUTE
    __ARM_exceptions_init                     - Undefined Weak Reference
    __alloca_initialize                       - Undefined Weak Reference
    __arm_fini_                               - Undefined Weak Reference
    __arm_preinit_                            - Undefined Weak Reference
    __cpp_initialize__aeabi_                  - Undefined Weak Reference
    __cxa_finalize                            - Undefined Weak Reference
    __sigvec_lookup                           - Undefined Weak Reference
    __user_heap_extent                        - Undefined Weak Reference
    _atexit_init                              - Undefined Weak Reference
    _call_atexit_fns                          - Undefined Weak Reference
    _clock_init                               - Undefined Weak Reference
    _fp_trap_init                             - Undefined Weak Reference
    _fp_trap_shutdown                         - Undefined Weak Reference
    _get_lc_collate                           - Undefined Weak Reference
    _get_lc_ctype                             - Undefined Weak Reference
    _get_lc_monetary                          - Undefined Weak Reference
    _get_lc_time                              - Undefined Weak Reference
    _getenv_init                              - Undefined Weak Reference
    _handle_redirection                       - Undefined Weak Reference
    _initio                                   - Undefined Weak Reference
    _mutex_acquire                            - Undefined Weak Reference
    _mutex_free                               - Undefined Weak Reference
    _mutex_release                            - Undefined Weak Reference
    _printf_mbtowc                            - Undefined Weak Reference
    _printf_truncate_signed                   - Undefined Weak Reference
    _printf_truncate_unsigned                 - Undefined Weak Reference
    _rand_init                                - Undefined Weak Reference
    _signal_finish                            - Undefined Weak Reference
    _signal_init                              - Undefined Weak Reference
    _terminateio                              - Undefined Weak Reference
    __Vectors_Size                           0x00000188   Number         0  startup_stm32f40_41xxx.o ABSOLUTE
    __Vectors                                0x08000000   Data           4  startup_stm32f40_41xxx.o(RESET)
    __Vectors_End                            0x08000188   Data           0  startup_stm32f40_41xxx.o(RESET)
    __main                                   0x08000189   Thumb Code     8  __main.o(!!!main)
    __scatterload                            0x08000191   Thumb Code     0  __scatter.o(!!!scatter)
    __scatterload_rt2                        0x08000191   Thumb Code    44  __scatter.o(!!!scatter)
    __scatterload_rt2_thumb_only             0x08000191   Thumb Code     0  __scatter.o(!!!scatter)
    __scatterload_null                       0x0800019f   Thumb Code     0  __scatter.o(!!!scatter)
    __scatterload_copy                       0x080001c5   Thumb Code    26  __scatter_copy.o(!!handler_copy)
    __scatterload_zeroinit                   0x080001e1   Thumb Code    28  __scatter_zi.o(!!handler_zi)
    _printf_percent                          0x080001fd   Thumb Code     0  _printf_percent.o(.ARM.Collect$$_printf_percent$$00000000)
    _printf_x                                0x080001fd   Thumb Code     0  _printf_x.o(.ARM.Collect$$_printf_percent$$0000000C)
    _printf_percent_end                      0x08000203   Thumb Code     0  _printf_percent_end.o(.ARM.Collect$$_printf_percent$$00000017)
    __rt_lib_init                            0x08000207   Thumb Code     0  libinit.o(.ARM.Collect$$libinit$$00000000)
    __rt_lib_init_fp_1                       0x08000209   Thumb Code     0  libinit2.o(.ARM.Collect$$libinit$$00000001)
    __rt_lib_init_alloca_1                   0x0800020d   Thumb Code     0  libinit2.o(.ARM.Collect$$libinit$$0000002E)
    __rt_lib_init_argv_1                     0x0800020d   Thumb Code     0  libinit2.o(.ARM.Collect$$libinit$$0000002C)
    __rt_lib_init_atexit_1                   0x0800020d   Thumb Code     0  libinit2.o(.ARM.Collect$$libinit$$0000001B)
    __rt_lib_init_clock_1                    0x0800020d   Thumb Code     0  libinit2.o(.ARM.Collect$$libinit$$00000021)
    __rt_lib_init_cpp_1                      0x0800020d   Thumb Code     0  libinit2.o(.ARM.Collect$$libinit$$00000032)
    __rt_lib_init_exceptions_1               0x0800020d   Thumb Code     0  libinit2.o(.ARM.Collect$$libinit$$00000030)
    __rt_lib_init_fp_trap_1                  0x0800020d   Thumb Code     0  libinit2.o(.ARM.Collect$$libinit$$0000001F)
    __rt_lib_init_getenv_1                   0x0800020d   Thumb Code     0  libinit2.o(.ARM.Collect$$libinit$$00000023)
    __rt_lib_init_heap_1                     0x0800020d   Thumb Code     0  libinit2.o(.ARM.Collect$$libinit$$0000000A)
    __rt_lib_init_lc_collate_1               0x0800020d   Thumb Code     0  libinit2.o(.ARM.Collect$$libinit$$00000011)
    __rt_lib_init_lc_ctype_1                 0x0800020d   Thumb Code     0  libinit2.o(.ARM.Collect$$libinit$$00000013)
    __rt_lib_init_lc_monetary_1              0x0800020d   Thumb Code     0  libinit2.o(.ARM.Collect$$libinit$$00000015)
    __rt_lib_init_lc_numeric_1               0x0800020d   Thumb Code     0  libinit2.o(.ARM.Collect$$libinit$$00000017)
    __rt_lib_init_lc_time_1                  0x0800020d   Thumb Code     0  libinit2.o(.ARM.Collect$$libinit$$00000019)
    __rt_lib_init_preinit_1                  0x0800020d   Thumb Code     0  libinit2.o(.ARM.Collect$$libinit$$00000004)
    __rt_lib_init_rand_1                     0x0800020d   Thumb Code     0  libinit2.o(.ARM.Collect$$libinit$$0000000E)
    __rt_lib_init_return                     0x0800020d   Thumb Code     0  libinit2.o(.ARM.Collect$$libinit$$00000033)
    __rt_lib_init_signal_1                   0x0800020d   Thumb Code     0  libinit2.o(.ARM.Collect$$libinit$$0000001D)
    __rt_lib_init_stdio_1                    0x0800020d   Thumb Code     0  libinit2.o(.ARM.Collect$$libinit$$00000025)
    __rt_lib_init_user_alloc_1               0x0800020d   Thumb Code     0  libinit2.o(.ARM.Collect$$libinit$$0000000C)
    __rt_lib_shutdown                        0x0800020f   Thumb Code     0  libshutdown.o(.ARM.Collect$$libshutdown$$00000000)
    __rt_lib_shutdown_cpp_1                  0x08000211   Thumb Code     0  libshutdown2.o(.ARM.Collect$$libshutdown$$00000004)
    __rt_lib_shutdown_fini_1                 0x08000211   Thumb Code     0  libshutdown2.o(.ARM.Collect$$libshutdown$$00000002)
    __rt_lib_shutdown_fp_trap_1              0x08000211   Thumb Code     0  libshutdown2.o(.ARM.Collect$$libshutdown$$00000009)
    __rt_lib_shutdown_heap_1                 0x08000211   Thumb Code     0  libshutdown2.o(.ARM.Collect$$libshutdown$$00000011)
    __rt_lib_shutdown_return                 0x08000211   Thumb Code     0  libshutdown2.o(.ARM.Collect$$libshutdown$$00000012)
    __rt_lib_shutdown_signal_1               0x08000211   Thumb Code     0  libshutdown2.o(.ARM.Collect$$libshutdown$$0000000C)
    __rt_lib_shutdown_stdio_1                0x08000211   Thumb Code     0  libshutdown2.o(.ARM.Collect$$libshutdown$$00000006)
    __rt_lib_shutdown_user_alloc_1           0x08000211   Thumb Code     0  libshutdown2.o(.ARM.Collect$$libshutdown$$0000000E)
    __rt_entry                               0x08000213   Thumb Code     0  __rtentry.o(.ARM.Collect$$rtentry$$00000000)
    __rt_entry_presh_1                       0x08000213   Thumb Code     0  __rtentry2.o(.ARM.Collect$$rtentry$$00000002)
    __rt_entry_sh                            0x08000213   Thumb Code     0  __rtentry4.o(.ARM.Collect$$rtentry$$00000004)
    __rt_entry_li                            0x08000219   Thumb Code     0  __rtentry2.o(.ARM.Collect$$rtentry$$0000000A)
    __rt_entry_postsh_1                      0x08000219   Thumb Code     0  __rtentry2.o(.ARM.Collect$$rtentry$$00000009)
    __rt_entry_main                          0x0800021d   Thumb Code     0  __rtentry2.o(.ARM.Collect$$rtentry$$0000000D)
    __rt_entry_postli_1                      0x0800021d   Thumb Code     0  __rtentry2.o(.ARM.Collect$$rtentry$$0000000C)
    __rt_exit                                0x08000225   Thumb Code     0  rtexit.o(.ARM.Collect$$rtexit$$00000000)
    __rt_exit_ls                             0x08000227   Thumb Code     0  rtexit2.o(.ARM.Collect$$rtexit$$00000003)
    __rt_exit_prels_1                        0x08000227   Thumb Code     0  rtexit2.o(.ARM.Collect$$rtexit$$00000002)
    __rt_exit_exit                           0x0800022b   Thumb Code     0  rtexit2.o(.ARM.Collect$$rtexit$$00000004)
    Reset_Handler                            0x08000231   Thumb Code     8  startup_stm32f40_41xxx.o(.text)
    ADC_IRQHandler                           0x0800024b   Thumb Code     0  startup_stm32f40_41xxx.o(.text)
    CAN1_RX0_IRQHandler                      0x0800024b   Thumb Code     0  startup_stm32f40_41xxx.o(.text)
    CAN1_RX1_IRQHandler                      0x0800024b   Thumb Code     0  startup_stm32f40_41xxx.o(.text)
    CAN1_SCE_IRQHandler                      0x0800024b   Thumb Code     0  startup_stm32f40_41xxx.o(.text)
    CAN1_TX_IRQHandler                       0x0800024b   Thumb Code     0  startup_stm32f40_41xxx.o(.text)
    CAN2_RX0_IRQHandler                      0x0800024b   Thumb Code     0  startup_stm32f40_41xxx.o(.text)
    CAN2_RX1_IRQHandler                      0x0800024b   Thumb Code     0  startup_stm32f40_41xxx.o(.text)
    CAN2_SCE_IRQHandler                      0x0800024b   Thumb Code     0  startup_stm32f40_41xxx.o(.text)
    CAN2_TX_IRQHandler                       0x0800024b   Thumb Code     0  startup_stm32f40_41xxx.o(.text)
    CRYP_IRQHandler                          0x0800024b   Thumb Code     0  startup_stm32f40_41xxx.o(.text)
    DCMI_IRQHandler                          0x0800024b   Thumb Code     0  startup_stm32f40_41xxx.o(.text)
    DMA1_Stream0_IRQHandler                  0x0800024b   Thumb Code     0  startup_stm32f40_41xxx.o(.text)
    DMA1_Stream1_IRQHandler                  0x0800024b   Thumb Code     0  startup_stm32f40_41xxx.o(.text)
    DMA1_Stream2_IRQHandler                  0x0800024b   Thumb Code     0  startup_stm32f40_41xxx.o(.text)
    DMA1_Stream3_IRQHandler                  0x0800024b   Thumb Code     0  startup_stm32f40_41xxx.o(.text)
    DMA1_Stream4_IRQHandler                  0x0800024b   Thumb Code     0  startup_stm32f40_41xxx.o(.text)
    DMA1_Stream5_IRQHandler                  0x0800024b   Thumb Code     0  startup_stm32f40_41xxx.o(.text)
    DMA1_Stream6_IRQHandler                  0x0800024b   Thumb Code     0  startup_stm32f40_41xxx.o(.text)
    DMA1_Stream7_IRQHandler                  0x0800024b   Thumb Code     0  startup_stm32f40_41xxx.o(.text)
    DMA2_Stream0_IRQHandler                  0x0800024b   Thumb Code     0  startup_stm32f40_41xxx.o(.text)
    DMA2_Stream1_IRQHandler                  0x0800024b   Thumb Code     0  startup_stm32f40_41xxx.o(.text)
    DMA2_Stream2_IRQHandler                  0x0800024b   Thumb Code     0  startup_stm32f40_41xxx.o(.text)
    DMA2_Stream3_IRQHandler                  0x0800024b   Thumb Code     0  startup_stm32f40_41xxx.o(.text)
    DMA2_Stream4_IRQHandler                  0x0800024b   Thumb Code     0  startup_stm32f40_41xxx.o(.text)
    DMA2_Stream5_IRQHandler                  0x0800024b   Thumb Code     0  startup_stm32f40_41xxx.o(.text)
    DMA2_Stream6_IRQHandler                  0x0800024b   Thumb Code     0  startup_stm32f40_41xxx.o(.text)
    DMA2_Stream7_IRQHandler                  0x0800024b   Thumb Code     0  startup_stm32f40_41xxx.o(.text)
    ETH_IRQHandler                           0x0800024b   Thumb Code     0  startup_stm32f40_41xxx.o(.text)
    ETH_WKUP_IRQHandler                      0x0800024b   Thumb Code     0  startup_stm32f40_41xxx.o(.text)
    EXTI0_IRQHandler                         0x0800024b   Thumb Code     0  startup_stm32f40_41xxx.o(.text)
    EXTI15_10_IRQHandler                     0x0800024b   Thumb Code     0  startup_stm32f40_41xxx.o(.text)
    EXTI1_IRQHandler                         0x0800024b   Thumb Code     0  startup_stm32f40_41xxx.o(.text)
    EXTI2_IRQHandler                         0x0800024b   Thumb Code     0  startup_stm32f40_41xxx.o(.text)
    EXTI3_IRQHandler                         0x0800024b   Thumb Code     0  startup_stm32f40_41xxx.o(.text)
    EXTI4_IRQHandler                         0x0800024b   Thumb Code     0  startup_stm32f40_41xxx.o(.text)
    EXTI9_5_IRQHandler                       0x0800024b   Thumb Code     0  startup_stm32f40_41xxx.o(.text)
    FLASH_IRQHandler                         0x0800024b   Thumb Code     0  startup_stm32f40_41xxx.o(.text)
    FPU_IRQHandler                           0x0800024b   Thumb Code     0  startup_stm32f40_41xxx.o(.text)
    FSMC_IRQHandler                          0x0800024b   Thumb Code     0  startup_stm32f40_41xxx.o(.text)
    HASH_RNG_IRQHandler                      0x0800024b   Thumb Code     0  startup_stm32f40_41xxx.o(.text)
    I2C1_ER_IRQHandler                       0x0800024b   Thumb Code     0  startup_stm32f40_41xxx.o(.text)
    I2C1_EV_IRQHandler                       0x0800024b   Thumb Code     0  startup_stm32f40_41xxx.o(.text)
    I2C2_ER_IRQHandler                       0x0800024b   Thumb Code     0  startup_stm32f40_41xxx.o(.text)
    I2C2_EV_IRQHandler                       0x0800024b   Thumb Code     0  startup_stm32f40_41xxx.o(.text)
    I2C3_ER_IRQHandler                       0x0800024b   Thumb Code     0  startup_stm32f40_41xxx.o(.text)
    I2C3_EV_IRQHandler                       0x0800024b   Thumb Code     0  startup_stm32f40_41xxx.o(.text)
    OTG_FS_IRQHandler                        0x0800024b   Thumb Code     0  startup_stm32f40_41xxx.o(.text)
    OTG_FS_WKUP_IRQHandler                   0x0800024b   Thumb Code     0  startup_stm32f40_41xxx.o(.text)
    OTG_HS_EP1_IN_IRQHandler                 0x0800024b   Thumb Code     0  startup_stm32f40_41xxx.o(.text)
    OTG_HS_EP1_OUT_IRQHandler                0x0800024b   Thumb Code     0  startup_stm32f40_41xxx.o(.text)
    OTG_HS_IRQHandler                        0x0800024b   Thumb Code     0  startup_stm32f40_41xxx.o(.text)
    OTG_HS_WKUP_IRQHandler                   0x0800024b   Thumb Code     0  startup_stm32f40_41xxx.o(.text)
    PVD_IRQHandler                           0x0800024b   Thumb Code     0  startup_stm32f40_41xxx.o(.text)
    RCC_IRQHandler                           0x0800024b   Thumb Code     0  startup_stm32f40_41xxx.o(.text)
    SDIO_IRQHandler                          0x0800024b   Thumb Code     0  startup_stm32f40_41xxx.o(.text)
    SPI1_IRQHandler                          0x0800024b   Thumb Code     0  startup_stm32f40_41xxx.o(.text)
    SPI2_IRQHandler                          0x0800024b   Thumb Code     0  startup_stm32f40_41xxx.o(.text)
    SPI3_IRQHandler                          0x0800024b   Thumb Code     0  startup_stm32f40_41xxx.o(.text)
    TAMP_STAMP_IRQHandler                    0x0800024b   Thumb Code     0  startup_stm32f40_41xxx.o(.text)
    TIM1_BRK_TIM9_IRQHandler                 0x0800024b   Thumb Code     0  startup_stm32f40_41xxx.o(.text)
    TIM1_CC_IRQHandler                       0x0800024b   Thumb Code     0  startup_stm32f40_41xxx.o(.text)
    TIM1_TRG_COM_TIM11_IRQHandler            0x0800024b   Thumb Code     0  startup_stm32f40_41xxx.o(.text)
    TIM1_UP_TIM10_IRQHandler                 0x0800024b   Thumb Code     0  startup_stm32f40_41xxx.o(.text)
    TIM2_IRQHandler                          0x0800024b   Thumb Code     0  startup_stm32f40_41xxx.o(.text)
    TIM4_IRQHandler                          0x0800024b   Thumb Code     0  startup_stm32f40_41xxx.o(.text)
    TIM5_IRQHandler                          0x0800024b   Thumb Code     0  startup_stm32f40_41xxx.o(.text)
    TIM6_DAC_IRQHandler                      0x0800024b   Thumb Code     0  startup_stm32f40_41xxx.o(.text)
    TIM7_IRQHandler                          0x0800024b   Thumb Code     0  startup_stm32f40_41xxx.o(.text)
    TIM8_BRK_TIM12_IRQHandler                0x0800024b   Thumb Code     0  startup_stm32f40_41xxx.o(.text)
    TIM8_CC_IRQHandler                       0x0800024b   Thumb Code     0  startup_stm32f40_41xxx.o(.text)
    TIM8_TRG_COM_TIM14_IRQHandler            0x0800024b   Thumb Code     0  startup_stm32f40_41xxx.o(.text)
    UART4_IRQHandler                         0x0800024b   Thumb Code     0  startup_stm32f40_41xxx.o(.text)
    UART5_IRQHandler                         0x0800024b   Thumb Code     0  startup_stm32f40_41xxx.o(.text)
    USART6_IRQHandler                        0x0800024b   Thumb Code     0  startup_stm32f40_41xxx.o(.text)
    __user_initial_stackheap                 0x0800024d   Thumb Code     0  startup_stm32f40_41xxx.o(.text)
    __2printf                                0x08000271   Thumb Code    20  noretval__2printf.o(.text)
    _printf_int_hex                          0x08000289   Thumb Code    84  _printf_hex_int.o(.text)
    _printf_longlong_hex                     0x08000289   Thumb Code     0  _printf_hex_int.o(.text)
    __printf                                 0x080002e1   Thumb Code   308  __printf_flags_wp.o(.text)
    __aeabi_memclr4                          0x08000419   Thumb Code     0  rt_memclr_w.o(.text)
    __aeabi_memclr8                          0x08000419   Thumb Code     0  rt_memclr_w.o(.text)
    __rt_memclr_w                            0x08000419   Thumb Code    78  rt_memclr_w.o(.text)
    _memset_w                                0x0800041d   Thumb Code     0  rt_memclr_w.o(.text)
    __use_two_region_memory                  0x08000467   Thumb Code     2  heapauxi.o(.text)
    __rt_heap_escrow                         0x08000469   Thumb Code     2  heapauxi.o(.text)
    __rt_heap_expand                         0x0800046b   Thumb Code     2  heapauxi.o(.text)
    _printf_int_common                       0x0800046d   Thumb Code   178  _printf_intcommon.o(.text)
    _printf_char_common                      0x0800052b   Thumb Code    32  _printf_char_common.o(.text)
    _printf_char_file                        0x08000551   Thumb Code    32  _printf_char_file.o(.text)
    __user_libspace                          0x08000575   Thumb Code     8  libspace.o(.text)
    __user_perproc_libspace                  0x08000575   Thumb Code     0  libspace.o(.text)
    __user_perthread_libspace                0x08000575   Thumb Code     0  libspace.o(.text)
    ferror                                   0x0800057d   Thumb Code     8  ferror.o(.text)
    __user_setup_stackheap                   0x08000585   Thumb Code    74  sys_stackheap_outer.o(.text)
    exit                                     0x080005cf   Thumb Code    18  exit.o(.text)
    _sys_exit                                0x080005e1   Thumb Code     8  sys_exit.o(.text)
    __I$use$semihosting                      0x080005ed   Thumb Code     0  use_no_semi.o(.text)
    __use_no_semihosting_swi                 0x080005ed   Thumb Code     2  use_no_semi.o(.text)
    BusFault_Handler                         0x080005ef   Thumb Code     2  stm32f4xx_it.o(i.BusFault_Handler)
    __semihosting_library_function           0x080005ef   Thumb Code     0  indicate_semi.o(.text)
    DebugMon_Handler                         0x080005f1   Thumb Code     2  stm32f4xx_it.o(i.DebugMon_Handler)
    EXTI_ClearITPendingBit                   0x080005f5   Thumb Code     6  stm32f4xx_exti.o(i.EXTI_ClearITPendingBit)
    GPIO_Init                                0x08000601   Thumb Code   120  stm32f4xx_gpio.o(i.GPIO_Init)
    GPIO_PinAFConfig                         0x08000679   Thumb Code    32  stm32f4xx_gpio.o(i.GPIO_PinAFConfig)
    GPIO_ResetBits                           0x08000699   Thumb Code     4  stm32f4xx_gpio.o(i.GPIO_ResetBits)
    GPIO_SetBits                             0x0800069d   Thumb Code     4  stm32f4xx_gpio.o(i.GPIO_SetBits)
    HardFault_Handler                        0x080006a1   Thumb Code     2  stm32f4xx_it.o(i.HardFault_Handler)
    MemManage_Handler                        0x080006a3   Thumb Code     2  stm32f4xx_it.o(i.MemManage_Handler)
    NMI_Handler                              0x080006a5   Thumb Code     2  stm32f4xx_it.o(i.NMI_Handler)
    NVIC_Init                                0x080006a9   Thumb Code    96  misc.o(i.NVIC_Init)
    NVIC_PriorityGroupConfig                 0x0800070d   Thumb Code    10  misc.o(i.NVIC_PriorityGroupConfig)
    PendSV_Handler                           0x08000721   Thumb Code     2  stm32f4xx_it.o(i.PendSV_Handler)
    RCC_AHB1PeriphClockCmd                   0x08000725   Thumb Code    18  stm32f4xx_rcc.o(i.RCC_AHB1PeriphClockCmd)
    RCC_APB1PeriphClockCmd                   0x0800073d   Thumb Code    18  stm32f4xx_rcc.o(i.RCC_APB1PeriphClockCmd)
    RCC_APB2PeriphClockCmd                   0x08000755   Thumb Code    18  stm32f4xx_rcc.o(i.RCC_APB2PeriphClockCmd)
    RCC_GetClocksFreq                        0x0800076d   Thumb Code   132  stm32f4xx_rcc.o(i.RCC_GetClocksFreq)
    RTC_Alarm_IRQHandler                     0x080007fd   Thumb Code    38  rtc.o(i.RTC_Alarm_IRQHandler)
    RTC_ClearITPendingBit                    0x08000829   Thumb Code    24  stm32f4xx_rtc.o(i.RTC_ClearITPendingBit)
    RTC_GetITStatus                          0x08000845   Thumb Code    54  stm32f4xx_rtc.o(i.RTC_GetITStatus)
    RTC_WKUP_IRQHandler                      0x08000885   Thumb Code    38  rtc.o(i.RTC_WKUP_IRQHandler)
    SPI_Cmd                                  0x080008b1   Thumb Code    20  stm32f4xx_spi.o(i.SPI_Cmd)
    SPI_Init                                 0x080008c5   Thumb Code    56  stm32f4xx_spi.o(i.SPI_Init)
    SVC_Handler                              0x080008fd   Thumb Code     2  stm32f4xx_it.o(i.SVC_Handler)
    SysTick_Handler                          0x080009b5   Thumb Code     2  stm32f4xx_it.o(i.SysTick_Handler)
    SystemInit                               0x080009b9   Thumb Code    74  system_stm32f4xx.o(i.SystemInit)
    TIM3_IRQHandler                          0x08000a15   Thumb Code   144  timer.o(i.TIM3_IRQHandler)
    TIM8_UP_TIM13_IRQHandler                 0x08000ab5   Thumb Code    56  timer.o(i.TIM8_UP_TIM13_IRQHandler)
    TIM_ClearITPendingBit                    0x08000af9   Thumb Code     6  stm32f4xx_tim.o(i.TIM_ClearITPendingBit)
    TIM_Cmd                                  0x08000aff   Thumb Code    20  stm32f4xx_tim.o(i.TIM_Cmd)
    TIM_GetITStatus                          0x08000b13   Thumb Code    24  stm32f4xx_tim.o(i.TIM_GetITStatus)
    TIM_ITConfig                             0x08000b2b   Thumb Code    16  stm32f4xx_tim.o(i.TIM_ITConfig)
    TIM_TimeBaseInit                         0x08000b3d   Thumb Code    96  stm32f4xx_tim.o(i.TIM_TimeBaseInit)
    Tim3_init                                0x08000bb9   Thumb Code    88  timer.o(i.Tim3_init)
    USART1_IRQHandler                        0x08000c15   Thumb Code   112  usart.o(i.USART1_IRQHandler)
    USART2_IRQHandler                        0x08000c8d   Thumb Code   112  usart.o(i.USART2_IRQHandler)
    USART3_IRQHandler                        0x08000d05   Thumb Code    72  usart.o(i.USART3_IRQHandler)
    USART_ClearITPendingBit                  0x08000d55   Thumb Code    12  stm32f4xx_usart.o(i.USART_ClearITPendingBit)
    USART_Cmd                                0x08000d61   Thumb Code    20  stm32f4xx_usart.o(i.USART_Cmd)
    USART_GetFlagStatus                      0x08000d75   Thumb Code    14  stm32f4xx_usart.o(i.USART_GetFlagStatus)
    USART_GetITStatus                        0x08000d83   Thumb Code    62  stm32f4xx_usart.o(i.USART_GetITStatus)
    USART_ITConfig                           0x08000dc1   Thumb Code    48  stm32f4xx_usart.o(i.USART_ITConfig)
    USART_Init                               0x08000df1   Thumb Code   164  stm32f4xx_usart.o(i.USART_Init)
    USART_ReceiveData                        0x08000e9d   Thumb Code     8  stm32f4xx_usart.o(i.USART_ReceiveData)
    USART_SendData                           0x08000ea5   Thumb Code     8  stm32f4xx_usart.o(i.USART_SendData)
    UsageFault_Handler                       0x08000ead   Thumb Code     2  stm32f4xx_it.o(i.UsageFault_Handler)
    WWDG_ClearFlag                           0x08000eb1   Thumb Code     8  stm32f4xx_wwdg.o(i.WWDG_ClearFlag)
    WWDG_GetFlagStatus                       0x08000ebd   Thumb Code    14  stm32f4xx_wwdg.o(i.WWDG_GetFlagStatus)
    WWDG_IRQHandler                          0x08000ed1   Thumb Code    26  iwdg.o(i.WWDG_IRQHandler)
    WWDG_SetCounter                          0x08000eed   Thumb Code    10  stm32f4xx_wwdg.o(i.WWDG_SetCounter)
    _is_digit                                0x08000efd   Thumb Code    14  __printf_wp.o(i._is_digit)
    at24c02_read                             0x08000f0b   Thumb Code   112  at24cxx.o(i.at24c02_read)
    at24c02_write                            0x08000f7b   Thumb Code    82  at24cxx.o(i.at24c02_write)
    delay_ms                                 0x08000fcd   Thumb Code    52  sys.o(i.delay_ms)
    delay_us                                 0x08001005   Thumb Code    42  sys.o(i.delay_us)
    fputc                                    0x08001039   Thumb Code    30  usart.o(i.fputc)
    iic_ack                                  0x0800105d   Thumb Code    74  iic.o(i.iic_ack)
    iic_init                                 0x080010ad   Thumb Code    58  iic.o(i.iic_init)
    iic_recv_byte                            0x080010f1   Thumb Code    66  iic.o(i.iic_recv_byte)
    iic_send_byte                            0x08001139   Thumb Code    88  iic.o(i.iic_send_byte)
    iic_start                                0x08001195   Thumb Code    52  iic.o(i.iic_start)
    iic_stop                                 0x080011cd   Thumb Code    44  iic.o(i.iic_stop)
    iic_wait_ack                             0x080011fd   Thumb Code    50  iic.o(i.iic_wait_ack)
    key_board_init                           0x08001235   Thumb Code   156  keyboard.o(i.key_board_init)
    led_init                                 0x080012e5   Thumb Code   136  led.o(i.led_init)
    main                                     0x08001371   Thumb Code   124  main.o(i.main)
    spi1_init                                0x08001425   Thumb Code   152  spi.o(i.spi1_init)
    usart1_init                              0x080014c5   Thumb Code   166  usart.o(i.usart1_init)
    usart2_init                              0x08001575   Thumb Code   162  usart.o(i.usart2_init)
    usart3_init                              0x08001621   Thumb Code   166  usart.o(i.usart3_init)
    _fp_init                                 0x080016d1   Thumb Code    10  fpinit.o(x$fpl$fpinit)
    __fplib_config_fpu_vfp                   0x080016d9   Thumb Code     0  fpinit.o(x$fpl$fpinit)
    __fplib_config_pureend_doubles           0x080016d9   Thumb Code     0  fpinit.o(x$fpl$fpinit)
    Region$$Table$$Base                      0x08001714   Number         0  anon$$obj.o(Region$$Table)
    Region$$Table$$Limit                     0x08001734   Number         0  anon$$obj.o(Region$$Table)
    KEY1                                     0x20000020   Data           4  timer.o(.data)
    KEY2                                     0x20000024   Data           4  timer.o(.data)
    KEY3                                     0x20000028   Data           4  timer.o(.data)
    KEY4                                     0x2000002c   Data           4  timer.o(.data)
    BEEP                                     0x20000030   Data           4  timer.o(.data)
    __stdout                                 0x20000034   Data           4  usart.o(.data)
    data_ready                               0x20000038   Data           4  rtc.o(.data)
    alarm_ready                              0x2000003c   Data           4  rtc.o(.data)
    RTC_DateStructure                        0x20000040   Data           4  rtc.o(.data)
    RTC_TimeStructure                        0x20000044   Data           4  rtc.o(.data)
    SystemCoreClock                          0x20000048   Data           4  system_stm32f4xx.o(.data)
    AHBPrescTable                            0x2000004c   Data          16  system_stm32f4xx.o(.data)
    RX1_data                                 0x2000005c   Data         208  usart.o(.bss)
    RX2_data                                 0x2000012c   Data         208  usart.o(.bss)
    RX3_data                                 0x200001fc   Data         208  usart.o(.bss)
    __libspace_start                         0x200002cc   Data          96  libspace.o(.bss)
    __temporary_stack_top$libspace           0x2000032c   Data           0  libspace.o(.bss)



==============================================================================

Memory Map of the image

  Image Entry point : 0x08000189

  Load Region LR_IROM1 (Base: 0x08000000, Size: 0x00001790, Max: 0x00080000, ABSOLUTE)

    Execution Region ER_IROM1 (Exec base: 0x08000000, Load base: 0x08000000, Size: 0x00001734, Max: 0x00080000, ABSOLUTE)

    Exec Addr    Load Addr    Size         Type   Attr      Idx    E Section Name        Object

    0x08000000   0x08000000   0x00000188   Data   RO            3    RESET               startup_stm32f40_41xxx.o
    0x08000188   0x08000188   0x00000008   Code   RO         6265  * !!!main             c_w.l(__main.o)
    0x08000190   0x08000190   0x00000034   Code   RO         6681    !!!scatter          c_w.l(__scatter.o)
    0x080001c4   0x080001c4   0x0000001a   Code   RO         6683    !!handler_copy      c_w.l(__scatter_copy.o)
    0x080001de   0x080001de   0x00000002   PAD
    0x080001e0   0x080001e0   0x0000001c   Code   RO         6685    !!handler_zi        c_w.l(__scatter_zi.o)
    0x080001fc   0x080001fc   0x00000000   Code   RO         6250    .ARM.Collect$$_printf_percent$$00000000  c_w.l(_printf_percent.o)
    0x080001fc   0x080001fc   0x00000006   Code   RO         6247    .ARM.Collect$$_printf_percent$$0000000C  c_w.l(_printf_x.o)
    0x08000202   0x08000202   0x00000004   Code   RO         6367    .ARM.Collect$$_printf_percent$$00000017  c_w.l(_printf_percent_end.o)
    0x08000206   0x08000206   0x00000002   Code   RO         6605    .ARM.Collect$$libinit$$00000000  c_w.l(libinit.o)
    0x08000208   0x08000208   0x00000004   Code   RO         6525    .ARM.Collect$$libinit$$00000001  c_w.l(libinit2.o)
    0x0800020c   0x0800020c   0x00000000   Code   RO         6528    .ARM.Collect$$libinit$$00000004  c_w.l(libinit2.o)
    0x0800020c   0x0800020c   0x00000000   Code   RO         6531    .ARM.Collect$$libinit$$0000000A  c_w.l(libinit2.o)
    0x0800020c   0x0800020c   0x00000000   Code   RO         6533    .ARM.Collect$$libinit$$0000000C  c_w.l(libinit2.o)
    0x0800020c   0x0800020c   0x00000000   Code   RO         6535    .ARM.Collect$$libinit$$0000000E  c_w.l(libinit2.o)
    0x0800020c   0x0800020c   0x00000000   Code   RO         6538    .ARM.Collect$$libinit$$00000011  c_w.l(libinit2.o)
    0x0800020c   0x0800020c   0x00000000   Code   RO         6540    .ARM.Collect$$libinit$$00000013  c_w.l(libinit2.o)
    0x0800020c   0x0800020c   0x00000000   Code   RO         6542    .ARM.Collect$$libinit$$00000015  c_w.l(libinit2.o)
    0x0800020c   0x0800020c   0x00000000   Code   RO         6544    .ARM.Collect$$libinit$$00000017  c_w.l(libinit2.o)
    0x0800020c   0x0800020c   0x00000000   Code   RO         6546    .ARM.Collect$$libinit$$00000019  c_w.l(libinit2.o)
    0x0800020c   0x0800020c   0x00000000   Code   RO         6548    .ARM.Collect$$libinit$$0000001B  c_w.l(libinit2.o)
    0x0800020c   0x0800020c   0x00000000   Code   RO         6550    .ARM.Collect$$libinit$$0000001D  c_w.l(libinit2.o)
    0x0800020c   0x0800020c   0x00000000   Code   RO         6552    .ARM.Collect$$libinit$$0000001F  c_w.l(libinit2.o)
    0x0800020c   0x0800020c   0x00000000   Code   RO         6554    .ARM.Collect$$libinit$$00000021  c_w.l(libinit2.o)
    0x0800020c   0x0800020c   0x00000000   Code   RO         6556    .ARM.Collect$$libinit$$00000023  c_w.l(libinit2.o)
    0x0800020c   0x0800020c   0x00000000   Code   RO         6558    .ARM.Collect$$libinit$$00000025  c_w.l(libinit2.o)
    0x0800020c   0x0800020c   0x00000000   Code   RO         6562    .ARM.Collect$$libinit$$0000002C  c_w.l(libinit2.o)
    0x0800020c   0x0800020c   0x00000000   Code   RO         6564    .ARM.Collect$$libinit$$0000002E  c_w.l(libinit2.o)
    0x0800020c   0x0800020c   0x00000000   Code   RO         6566    .ARM.Collect$$libinit$$00000030  c_w.l(libinit2.o)
    0x0800020c   0x0800020c   0x00000000   Code   RO         6568    .ARM.Collect$$libinit$$00000032  c_w.l(libinit2.o)
    0x0800020c   0x0800020c   0x00000002   Code   RO         6569    .ARM.Collect$$libinit$$00000033  c_w.l(libinit2.o)
    0x0800020e   0x0800020e   0x00000002   Code   RO         6678    .ARM.Collect$$libshutdown$$00000000  c_w.l(libshutdown.o)
    0x08000210   0x08000210   0x00000000   Code   RO         6632    .ARM.Collect$$libshutdown$$00000002  c_w.l(libshutdown2.o)
    0x08000210   0x08000210   0x00000000   Code   RO         6634    .ARM.Collect$$libshutdown$$00000004  c_w.l(libshutdown2.o)
    0x08000210   0x08000210   0x00000000   Code   RO         6636    .ARM.Collect$$libshutdown$$00000006  c_w.l(libshutdown2.o)
    0x08000210   0x08000210   0x00000000   Code   RO         6639    .ARM.Collect$$libshutdown$$00000009  c_w.l(libshutdown2.o)
    0x08000210   0x08000210   0x00000000   Code   RO         6642    .ARM.Collect$$libshutdown$$0000000C  c_w.l(libshutdown2.o)
    0x08000210   0x08000210   0x00000000   Code   RO         6644    .ARM.Collect$$libshutdown$$0000000E  c_w.l(libshutdown2.o)
    0x08000210   0x08000210   0x00000000   Code   RO         6647    .ARM.Collect$$libshutdown$$00000011  c_w.l(libshutdown2.o)
    0x08000210   0x08000210   0x00000002   Code   RO         6648    .ARM.Collect$$libshutdown$$00000012  c_w.l(libshutdown2.o)
    0x08000212   0x08000212   0x00000000   Code   RO         6323    .ARM.Collect$$rtentry$$00000000  c_w.l(__rtentry.o)
    0x08000212   0x08000212   0x00000000   Code   RO         6440    .ARM.Collect$$rtentry$$00000002  c_w.l(__rtentry2.o)
    0x08000212   0x08000212   0x00000006   Code   RO         6452    .ARM.Collect$$rtentry$$00000004  c_w.l(__rtentry4.o)
    0x08000218   0x08000218   0x00000000   Code   RO         6442    .ARM.Collect$$rtentry$$00000009  c_w.l(__rtentry2.o)
    0x08000218   0x08000218   0x00000004   Code   RO         6443    .ARM.Collect$$rtentry$$0000000A  c_w.l(__rtentry2.o)
    0x0800021c   0x0800021c   0x00000000   Code   RO         6445    .ARM.Collect$$rtentry$$0000000C  c_w.l(__rtentry2.o)
    0x0800021c   0x0800021c   0x00000008   Code   RO         6446    .ARM.Collect$$rtentry$$0000000D  c_w.l(__rtentry2.o)
    0x08000224   0x08000224   0x00000002   Code   RO         6613    .ARM.Collect$$rtexit$$00000000  c_w.l(rtexit.o)
    0x08000226   0x08000226   0x00000000   Code   RO         6652    .ARM.Collect$$rtexit$$00000002  c_w.l(rtexit2.o)
    0x08000226   0x08000226   0x00000004   Code   RO         6653    .ARM.Collect$$rtexit$$00000003  c_w.l(rtexit2.o)
    0x0800022a   0x0800022a   0x00000006   Code   RO         6654    .ARM.Collect$$rtexit$$00000004  c_w.l(rtexit2.o)
    0x08000230   0x08000230   0x00000040   Code   RO            4    .text               startup_stm32f40_41xxx.o
    0x08000270   0x08000270   0x00000018   Code   RO         6193    .text               c_w.l(noretval__2printf.o)
    0x08000288   0x08000288   0x00000058   Code   RO         6208    .text               c_w.l(_printf_hex_int.o)
    0x080002e0   0x080002e0   0x00000138   Code   RO         6238    .text               c_w.l(__printf_flags_wp.o)
    0x08000418   0x08000418   0x0000004e   Code   RO         6261    .text               c_w.l(rt_memclr_w.o)
    0x08000466   0x08000466   0x00000006   Code   RO         6263    .text               c_w.l(heapauxi.o)
    0x0800046c   0x0800046c   0x000000b2   Code   RO         6355    .text               c_w.l(_printf_intcommon.o)
    0x0800051e   0x0800051e   0x00000002   PAD
    0x08000520   0x08000520   0x00000030   Code   RO         6359    .text               c_w.l(_printf_char_common.o)
    0x08000550   0x08000550   0x00000024   Code   RO         6365    .text               c_w.l(_printf_char_file.o)
    0x08000574   0x08000574   0x00000008   Code   RO         6436    .text               c_w.l(libspace.o)
    0x0800057c   0x0800057c   0x00000008   Code   RO         6509    .text               c_w.l(ferror.o)
    0x08000584   0x08000584   0x0000004a   Code   RO         6580    .text               c_w.l(sys_stackheap_outer.o)
    0x080005ce   0x080005ce   0x00000012   Code   RO         6590    .text               c_w.l(exit.o)
    0x080005e0   0x080005e0   0x0000000c   Code   RO         6608    .text               c_w.l(sys_exit.o)
    0x080005ec   0x080005ec   0x00000002   Code   RO         6610    .text               c_w.l(use_no_semi.o)
    0x080005ee   0x080005ee   0x00000000   Code   RO         6612    .text               c_w.l(indicate_semi.o)
    0x080005ee   0x080005ee   0x00000002   Code   RO         5988    i.BusFault_Handler  stm32f4xx_it.o
    0x080005f0   0x080005f0   0x00000002   Code   RO         5989    i.DebugMon_Handler  stm32f4xx_it.o
    0x080005f2   0x080005f2   0x00000002   PAD
    0x080005f4   0x080005f4   0x0000000c   Code   RO          962    i.EXTI_ClearITPendingBit  stm32f4xx_exti.o
    0x08000600   0x08000600   0x00000078   Code   RO         1163    i.GPIO_Init         stm32f4xx_gpio.o
    0x08000678   0x08000678   0x00000020   Code   RO         1164    i.GPIO_PinAFConfig  stm32f4xx_gpio.o
    0x08000698   0x08000698   0x00000004   Code   RO         1170    i.GPIO_ResetBits    stm32f4xx_gpio.o
    0x0800069c   0x0800069c   0x00000004   Code   RO         1171    i.GPIO_SetBits      stm32f4xx_gpio.o
    0x080006a0   0x080006a0   0x00000002   Code   RO         5990    i.HardFault_Handler  stm32f4xx_it.o
    0x080006a2   0x080006a2   0x00000002   Code   RO         5991    i.MemManage_Handler  stm32f4xx_it.o
    0x080006a4   0x080006a4   0x00000002   Code   RO         5992    i.NMI_Handler       stm32f4xx_it.o
    0x080006a6   0x080006a6   0x00000002   PAD
    0x080006a8   0x080006a8   0x00000064   Code   RO           13    i.NVIC_Init         misc.o
    0x0800070c   0x0800070c   0x00000014   Code   RO           14    i.NVIC_PriorityGroupConfig  misc.o
    0x08000720   0x08000720   0x00000002   Code   RO         5993    i.PendSV_Handler    stm32f4xx_it.o
    0x08000722   0x08000722   0x00000002   PAD
    0x08000724   0x08000724   0x00000018   Code   RO         1546    i.RCC_AHB1PeriphClockCmd  stm32f4xx_rcc.o
    0x0800073c   0x0800073c   0x00000018   Code   RO         1555    i.RCC_APB1PeriphClockCmd  stm32f4xx_rcc.o
    0x08000754   0x08000754   0x00000018   Code   RO         1558    i.RCC_APB2PeriphClockCmd  stm32f4xx_rcc.o
    0x0800076c   0x0800076c   0x00000090   Code   RO         1567    i.RCC_GetClocksFreq  stm32f4xx_rcc.o
    0x080007fc   0x080007fc   0x0000002c   Code   RO         4513    i.RTC_Alarm_IRQHandler  rtc.o
    0x08000828   0x08000828   0x0000001c   Code   RO         1893    i.RTC_ClearITPendingBit  stm32f4xx_rtc.o
    0x08000844   0x08000844   0x00000040   Code   RO         1905    i.RTC_GetITStatus   stm32f4xx_rtc.o
    0x08000884   0x08000884   0x0000002c   Code   RO         4514    i.RTC_WKUP_IRQHandler  rtc.o
    0x080008b0   0x080008b0   0x00000014   Code   RO         2446    i.SPI_Cmd           stm32f4xx_spi.o
    0x080008c4   0x080008c4   0x00000038   Code   RO         2459    i.SPI_Init          stm32f4xx_spi.o
    0x080008fc   0x080008fc   0x00000002   Code   RO         5994    i.SVC_Handler       stm32f4xx_it.o
    0x080008fe   0x080008fe   0x00000002   PAD
    0x08000900   0x08000900   0x000000b4   Code   RO         6089    i.SetSysClock       system_stm32f4xx.o
    0x080009b4   0x080009b4   0x00000002   Code   RO         5995    i.SysTick_Handler   stm32f4xx_it.o
    0x080009b6   0x080009b6   0x00000002   PAD
    0x080009b8   0x080009b8   0x0000005c   Code   RO         6091    i.SystemInit        system_stm32f4xx.o
    0x08000a14   0x08000a14   0x000000a0   Code   RO         4028    i.TIM3_IRQHandler   timer.o
    0x08000ab4   0x08000ab4   0x00000044   Code   RO         4029    i.TIM8_UP_TIM13_IRQHandler  timer.o
    0x08000af8   0x08000af8   0x00000006   Code   RO         2677    i.TIM_ClearITPendingBit  stm32f4xx_tim.o
    0x08000afe   0x08000afe   0x00000014   Code   RO         2682    i.TIM_Cmd           stm32f4xx_tim.o
    0x08000b12   0x08000b12   0x00000018   Code   RO         2703    i.TIM_GetITStatus   stm32f4xx_tim.o
    0x08000b2a   0x08000b2a   0x00000010   Code   RO         2707    i.TIM_ITConfig      stm32f4xx_tim.o
    0x08000b3a   0x08000b3a   0x00000002   PAD
    0x08000b3c   0x08000b3c   0x0000007c   Code   RO         2754    i.TIM_TimeBaseInit  stm32f4xx_tim.o
    0x08000bb8   0x08000bb8   0x0000005c   Code   RO         4033    i.Tim3_init         timer.o
    0x08000c14   0x08000c14   0x00000078   Code   RO         4094    i.USART1_IRQHandler  usart.o
    0x08000c8c   0x08000c8c   0x00000078   Code   RO         4095    i.USART2_IRQHandler  usart.o
    0x08000d04   0x08000d04   0x00000050   Code   RO         4096    i.USART3_IRQHandler  usart.o
    0x08000d54   0x08000d54   0x0000000c   Code   RO         3220    i.USART_ClearITPendingBit  stm32f4xx_usart.o
    0x08000d60   0x08000d60   0x00000014   Code   RO         3223    i.USART_Cmd         stm32f4xx_usart.o
    0x08000d74   0x08000d74   0x0000000e   Code   RO         3226    i.USART_GetFlagStatus  stm32f4xx_usart.o
    0x08000d82   0x08000d82   0x0000003e   Code   RO         3227    i.USART_GetITStatus  stm32f4xx_usart.o
    0x08000dc0   0x08000dc0   0x00000030   Code   RO         3229    i.USART_ITConfig    stm32f4xx_usart.o
    0x08000df0   0x08000df0   0x000000ac   Code   RO         3230    i.USART_Init        stm32f4xx_usart.o
    0x08000e9c   0x08000e9c   0x00000008   Code   RO         3237    i.USART_ReceiveData  stm32f4xx_usart.o
    0x08000ea4   0x08000ea4   0x00000008   Code   RO         3240    i.USART_SendData    stm32f4xx_usart.o
    0x08000eac   0x08000eac   0x00000002   Code   RO         5996    i.UsageFault_Handler  stm32f4xx_it.o
    0x08000eae   0x08000eae   0x00000002   PAD
    0x08000eb0   0x08000eb0   0x0000000c   Code   RO         3411    i.WWDG_ClearFlag    stm32f4xx_wwdg.o
    0x08000ebc   0x08000ebc   0x00000014   Code   RO         3415    i.WWDG_GetFlagStatus  stm32f4xx_wwdg.o
    0x08000ed0   0x08000ed0   0x0000001a   Code   RO         4473    i.WWDG_IRQHandler   iwdg.o
    0x08000eea   0x08000eea   0x00000002   PAD
    0x08000eec   0x08000eec   0x00000010   Code   RO         3416    i.WWDG_SetCounter   stm32f4xx_wwdg.o
    0x08000efc   0x08000efc   0x0000000e   Code   RO         6236    i._is_digit         c_w.l(__printf_wp.o)
    0x08000f0a   0x08000f0a   0x00000070   Code   RO         4874    i.at24c02_read      at24cxx.o
    0x08000f7a   0x08000f7a   0x00000052   Code   RO         4875    i.at24c02_write     at24cxx.o
    0x08000fcc   0x08000fcc   0x00000038   Code   RO         3998    i.delay_ms          sys.o
    0x08001004   0x08001004   0x00000034   Code   RO         3999    i.delay_us          sys.o
    0x08001038   0x08001038   0x00000024   Code   RO         4098    i.fputc             usart.o
    0x0800105c   0x0800105c   0x00000050   Code   RO         4806    i.iic_ack           iic.o
    0x080010ac   0x080010ac   0x00000044   Code   RO         4807    i.iic_init          iic.o
    0x080010f0   0x080010f0   0x00000048   Code   RO         4808    i.iic_recv_byte     iic.o
    0x08001138   0x08001138   0x0000005c   Code   RO         4809    i.iic_send_byte     iic.o
    0x08001194   0x08001194   0x00000038   Code   RO         4810    i.iic_start         iic.o
    0x080011cc   0x080011cc   0x00000030   Code   RO         4811    i.iic_stop          iic.o
    0x080011fc   0x080011fc   0x00000038   Code   RO         4812    i.iic_wait_ack      iic.o
    0x08001234   0x08001234   0x000000b0   Code   RO         5707    i.key_board_init    keyboard.o
    0x080012e4   0x080012e4   0x0000008c   Code   RO         3971    i.led_init          led.o
    0x08001370   0x08001370   0x00000088   Code   RO         5956    i.main              main.o
    0x080013f8   0x080013f8   0x0000002c   Code   RO         4813    i.sda_mode          iic.o
    0x08001424   0x08001424   0x000000a0   Code   RO         4375    i.spi1_init         spi.o
    0x080014c4   0x080014c4   0x000000b0   Code   RO         4099    i.usart1_init       usart.o
    0x08001574   0x08001574   0x000000ac   Code   RO         4102    i.usart2_init       usart.o
    0x08001620   0x08001620   0x000000b0   Code   RO         4105    i.usart3_init       usart.o
    0x080016d0   0x080016d0   0x0000000a   Code   RO         6606    x$fpl$fpinit        fz_wm.l(fpinit.o)
    0x080016da   0x080016da   0x00000028   Data   RO         6209    .constdata          c_w.l(_printf_hex_int.o)
    0x08001702   0x08001702   0x00000011   Data   RO         6239    .constdata          c_w.l(__printf_flags_wp.o)
    0x08001713   0x08001713   0x00000001   PAD
    0x08001714   0x08001714   0x00000020   Data   RO         6679    Region$$Table       anon$$obj.o


    Execution Region RW_IRAM1 (Exec base: 0x20000000, Load base: 0x08001734, Size: 0x00000930, Max: 0x00020000, ABSOLUTE)

    Exec Addr    Load Addr    Size         Type   Attr      Idx    E Section Name        Object

    0x20000000   0x08001734   0x00000010   Data   RW         1599    .data               stm32f4xx_rcc.o
    0x20000010   0x08001744   0x00000024   Data   RW         4035    .data               timer.o
    0x20000034   0x08001768   0x00000004   Data   RW         4109    .data               usart.o
    0x20000038   0x0800176c   0x00000010   Data   RW         4518    .data               rtc.o
    0x20000048   0x0800177c   0x00000014   Data   RW         6092    .data               system_stm32f4xx.o
    0x2000005c        -       0x00000270   Zero   RW         4108    .bss                usart.o
    0x200002cc        -       0x00000060   Zero   RW         6437    .bss                c_w.l(libspace.o)
    0x2000032c   0x08001790   0x00000004   PAD
    0x20000330        -       0x00000200   Zero   RW            2    HEAP                startup_stm32f40_41xxx.o
    0x20000530        -       0x00000400   Zero   RW            1    STACK               startup_stm32f40_41xxx.o


==============================================================================

Image component sizes


      Code (inc. data)   RO Data    RW Data    ZI Data      Debug   Object Name

       194          0          0          0          0       1971   at24cxx.o
       516         44          0          0          0       4707   iic.o
        26          0          0          0          0        522   iwdg.o
       176         20          0          0          0        621   keyboard.o
       140          4          0          0          0        599   led.o
       136         12          0          0          0        643   main.o
       120         14          0          0          0     315795   misc.o
        88         12          0         16          0       1450   rtc.o
       160          8          0          0          0        656   spi.o
        64         26        392          0       1536        868   startup_stm32f40_41xxx.o
        12          6          0          0          0        533   stm32f4xx_exti.o
       160          0          0          0          0       2835   stm32f4xx_gpio.o
        18          0          0          0          0       3974   stm32f4xx_it.o
       216         30          0         16          0       4719   stm32f4xx_rcc.o
        92         14          0          0          0       1246   stm32f4xx_rtc.o
        76          0          0          0          0       1729   stm32f4xx_spi.o
       190         28          0          0          0       4713   stm32f4xx_tim.o
       344          8          0          0          0       6215   stm32f4xx_usart.o
        48         16          0          0          0       1556   stm32f4xx_wwdg.o
       108         14          0          0          0       1062   sys.o
       272         36          0         20          0       1741   system_stm32f4xx.o
       320         32          0         36          0       2528   timer.o
       880         60          0          4        624       7171   usart.o

    ----------------------------------------------------------------------
      4372        384        424         92       2160     367854   Object Totals
         0          0         32          0          0          0   (incl. Generated)
        16          0          0          0          0          0   (incl. Padding)

    ----------------------------------------------------------------------

      Code (inc. data)   RO Data    RW Data    ZI Data      Debug   Library Member Name

         8          0          0          0          0         68   __main.o
       312          4         17          0          0         92   __printf_flags_wp.o
        14          0          0          0          0         68   __printf_wp.o
         0          0          0          0          0          0   __rtentry.o
        12          0          0          0          0          0   __rtentry2.o
         6          0          0          0          0          0   __rtentry4.o
        52          8          0          0          0          0   __scatter.o
        26          0          0          0          0          0   __scatter_copy.o
        28          0          0          0          0          0   __scatter_zi.o
        48          6          0          0          0         96   _printf_char_common.o
        36          4          0          0          0         80   _printf_char_file.o
        88          4         40          0          0         88   _printf_hex_int.o
       178          0          0          0          0         88   _printf_intcommon.o
         0          0          0          0          0          0   _printf_percent.o
         4          0          0          0          0          0   _printf_percent_end.o
         6          0          0          0          0          0   _printf_x.o
        18          0          0          0          0         80   exit.o
         8          0          0          0          0         68   ferror.o
         6          0          0          0          0        152   heapauxi.o
         0          0          0          0          0          0   indicate_semi.o
         2          0          0          0          0          0   libinit.o
         6          0          0          0          0          0   libinit2.o
         2          0          0          0          0          0   libshutdown.o
         2          0          0          0          0          0   libshutdown2.o
         8          4          0          0         96         68   libspace.o
        24          4          0          0          0         84   noretval__2printf.o
        78          0          0          0          0         80   rt_memclr_w.o
         2          0          0          0          0          0   rtexit.o
        10          0          0          0          0          0   rtexit2.o
        12          4          0          0          0         68   sys_exit.o
        74          0          0          0          0         80   sys_stackheap_outer.o
         2          0          0          0          0         68   use_no_semi.o
        10          0          0          0          0        116   fpinit.o

    ----------------------------------------------------------------------
      1086         38         58          0        100       1444   Library Totals
         4          0          1          0          4          0   (incl. Padding)

    ----------------------------------------------------------------------

      Code (inc. data)   RO Data    RW Data    ZI Data      Debug   Library Name

      1072         38         57          0         96       1328   c_w.l
        10          0          0          0          0        116   fz_wm.l

    ----------------------------------------------------------------------
      1086         38         58          0        100       1444   Library Totals

    ----------------------------------------------------------------------

==============================================================================


      Code (inc. data)   RO Data    RW Data    ZI Data      Debug   

      5458        422        482         92       2260     362274   Grand Totals
      5458        422        482         92       2260     362274   ELF Image Totals
      5458        422        482         92          0          0   ROM Totals

==============================================================================

    Total RO  Size (Code + RO Data)                 5940 (   5.80kB)
    Total RW  Size (RW Data + ZI Data)              2352 (   2.30kB)
    Total ROM Size (Code + RO Data + RW Data)       6032 (   5.89kB)

==============================================================================

